Archive member included to satisfy reference by file (symbol)

c:/siliconlabs/simplicitystudio/v5/developer/toolchains/gnu_arm/10.2_2020q4/bin/../lib/gcc/arm-none-eabi/10.2.1/thumb/v7e-m+fp/softfp\libgcc.a(_arm_muldf3.o)
                              ./i2cspm.o (__aeabi_dmul)
c:/siliconlabs/simplicitystudio/v5/developer/toolchains/gnu_arm/10.2_2020q4/bin/../lib/gcc/arm-none-eabi/10.2.1/thumb/v7e-m+fp/softfp\libgcc.a(_arm_addsubdf3.o)
                              ./i2cspm.o (__aeabi_dsub)
c:/siliconlabs/simplicitystudio/v5/developer/toolchains/gnu_arm/10.2_2020q4/bin/../lib/gcc/arm-none-eabi/10.2.1/thumb/v7e-m+fp/softfp\libgcc.a(_arm_fixunsdfsi.o)
                              ./i2cspm.o (__aeabi_d2uiz)
c:/siliconlabs/simplicitystudio/v5/developer/toolchains/gnu_arm/10.2_2020q4/bin/../lib/gcc/arm-none-eabi/10.2.1/thumb/v7e-m+fp/softfp\libgcc.a(_arm_truncdfsf2.o)
                              ./i2cspm.o (__aeabi_d2f)
c:/siliconlabs/simplicitystudio/v5/developer/toolchains/gnu_arm/10.2_2020q4/bin/../lib/gcc/arm-none-eabi/10.2.1/thumb/v7e-m+fp/softfp\libgcc.a(_aeabi_ldivmod.o)
                              ./gecko_sdk_3.2.2/platform/emlib/src/em_usart.o (__aeabi_ldivmod)
c:/siliconlabs/simplicitystudio/v5/developer/toolchains/gnu_arm/10.2_2020q4/bin/../lib/gcc/arm-none-eabi/10.2.1/thumb/v7e-m+fp/softfp\libgcc.a(_aeabi_uldivmod.o)
                              ./gecko_sdk_3.2.2/platform/emlib/src/em_usart.o (__aeabi_uldivmod)
c:/siliconlabs/simplicitystudio/v5/developer/toolchains/gnu_arm/10.2_2020q4/bin/../lib/gcc/arm-none-eabi/10.2.1/thumb/v7e-m+fp/softfp\libgcc.a(_udivmoddi4.o)
                              c:/siliconlabs/simplicitystudio/v5/developer/toolchains/gnu_arm/10.2_2020q4/bin/../lib/gcc/arm-none-eabi/10.2.1/thumb/v7e-m+fp/softfp\libgcc.a(_aeabi_ldivmod.o) (__udivmoddi4)
c:/siliconlabs/simplicitystudio/v5/developer/toolchains/gnu_arm/10.2_2020q4/bin/../lib/gcc/arm-none-eabi/10.2.1/thumb/v7e-m+fp/softfp\libgcc.a(_dvmd_tls.o)
                              c:/siliconlabs/simplicitystudio/v5/developer/toolchains/gnu_arm/10.2_2020q4/bin/../lib/gcc/arm-none-eabi/10.2.1/thumb/v7e-m+fp/softfp\libgcc.a(_aeabi_ldivmod.o) (__aeabi_ldiv0)
c:/siliconlabs/simplicitystudio/v5/developer/toolchains/gnu_arm/10.2_2020q4/bin/../lib/gcc/arm-none-eabi/10.2.1/../../../../arm-none-eabi/lib/thumb/v7e-m+fp/softfp\libc_nano.a(lib_a-exit.o)
                              c:/siliconlabs/simplicitystudio/v5/developer/toolchains/gnu_arm/10.2_2020q4/bin/../lib/gcc/arm-none-eabi/10.2.1/../../../../arm-none-eabi/lib/thumb/v7e-m+fp/softfp/crt0.o (exit)
c:/siliconlabs/simplicitystudio/v5/developer/toolchains/gnu_arm/10.2_2020q4/bin/../lib/gcc/arm-none-eabi/10.2.1/../../../../arm-none-eabi/lib/thumb/v7e-m+fp/softfp\libc_nano.a(lib_a-impure.o)
                              c:/siliconlabs/simplicitystudio/v5/developer/toolchains/gnu_arm/10.2_2020q4/bin/../lib/gcc/arm-none-eabi/10.2.1/../../../../arm-none-eabi/lib/thumb/v7e-m+fp/softfp\libc_nano.a(lib_a-exit.o) (_global_impure_ptr)
c:/siliconlabs/simplicitystudio/v5/developer/toolchains/gnu_arm/10.2_2020q4/bin/../lib/gcc/arm-none-eabi/10.2.1/../../../../arm-none-eabi/lib/thumb/v7e-m+fp/softfp\libc_nano.a(lib_a-init.o)
                              c:/siliconlabs/simplicitystudio/v5/developer/toolchains/gnu_arm/10.2_2020q4/bin/../lib/gcc/arm-none-eabi/10.2.1/../../../../arm-none-eabi/lib/thumb/v7e-m+fp/softfp/crt0.o (__libc_init_array)
c:/siliconlabs/simplicitystudio/v5/developer/toolchains/gnu_arm/10.2_2020q4/bin/../lib/gcc/arm-none-eabi/10.2.1/../../../../arm-none-eabi/lib/thumb/v7e-m+fp/softfp\libc_nano.a(lib_a-memset.o)
                              c:/siliconlabs/simplicitystudio/v5/developer/toolchains/gnu_arm/10.2_2020q4/bin/../lib/gcc/arm-none-eabi/10.2.1/../../../../arm-none-eabi/lib/thumb/v7e-m+fp/softfp/crt0.o (memset)
c:/siliconlabs/simplicitystudio/v5/developer/toolchains/gnu_arm/10.2_2020q4/bin/../lib/gcc/arm-none-eabi/10.2.1/../../../../arm-none-eabi/lib/thumb/v7e-m+fp/softfp\libc_nano.a(lib_a-printf.o)
                              ./i2cspm.o (printf)
c:/siliconlabs/simplicitystudio/v5/developer/toolchains/gnu_arm/10.2_2020q4/bin/../lib/gcc/arm-none-eabi/10.2.1/../../../../arm-none-eabi/lib/thumb/v7e-m+fp/softfp\libc_nano.a(lib_a-setvbuf.o)
                              ./gecko_sdk_3.2.2/platform/service/iostream/src/sl_iostream_stdlib_config.o (setvbuf)
c:/siliconlabs/simplicitystudio/v5/developer/toolchains/gnu_arm/10.2_2020q4/bin/../lib/gcc/arm-none-eabi/10.2.1/../../../../arm-none-eabi/lib/thumb/v7e-m+fp/softfp\libc_nano.a(lib_a-strcmp.o)
                              ./autogen/sl_iostream_handles.o (strcmp)
c:/siliconlabs/simplicitystudio/v5/developer/toolchains/gnu_arm/10.2_2020q4/bin/../lib/gcc/arm-none-eabi/10.2.1/../../../../arm-none-eabi/lib/thumb/v7e-m+fp/softfp\libc_nano.a(lib_a-vprintf.o)
                              ./gecko_sdk_3.2.2/platform/service/iostream/src/sl_iostream.o (vprintf)
[...]
Memory Configuration

Name             Origin             Length             Attributes
FLASH            0x00000000         0x00100000         xr
RAM              0x20000000         0x00040000         xrw
*default*        0x00000000         0xffffffff

Linker script and memory map

LOAD c:/siliconlabs/simplicitystudio/v5/developer/toolchains/gnu_arm/10.2_2020q4/bin/../lib/gcc/arm-none-eabi/10.2.1/thumb/v7e-m+fp/softfp/crti.o
LOAD c:/siliconlabs/simplicitystudio/v5/developer/toolchains/gnu_arm/10.2_2020q4/bin/../lib/gcc/arm-none-eabi/10.2.1/thumb/v7e-m+fp/softfp/crtbegin.o
LOAD c:/siliconlabs/simplicitystudio/v5/developer/toolchains/gnu_arm/10.2_2020q4/bin/../lib/gcc/arm-none-eabi/10.2.1/../../../../arm-none-eabi/lib/thumb/v7e-m+fp/softfp/crt0.o
START GROUP
LOAD ./app.o
LOAD ./i2cspm.o
LOAD ./main.o
LOAD ./autogen/sl_board_default_init.o
LOAD ./autogen/sl_device_init_clocks.o
LOAD ./autogen/sl_event_handler.o
LOAD ./autogen/sl_i2cspm_init.o
LOAD ./autogen/sl_iostream_handles.o
LOAD ./autogen/sl_iostream_init_usart_instances.o
LOAD ./autogen/sl_simple_led_instances.o
LOAD ./gecko_sdk_3.2.2/hardware/board/src/sl_board_control_gpio.o
LOAD ./gecko_sdk_3.2.2/hardware/board/src/sl_board_init.o
LOAD ./gecko_sdk_3.2.2/hardware/driver/mx25_flash_shutdown/src/sl_mx25_flash_shutdown_usart/sl_mx25_flash_shutdown.o
LOAD ./gecko_sdk_3.2.2/platform/Device/SiliconLabs/EFR32MG12P/Source/GCC/startup_efr32mg12p.o
LOAD ./gecko_sdk_3.2.2/platform/Device/SiliconLabs/EFR32MG12P/Source/system_efr32mg12p.o
LOAD ./gecko_sdk_3.2.2/platform/common/toolchain/src/sl_memory.o
LOAD ./gecko_sdk_3.2.2/platform/driver/i2cspm/src/sl_i2cspm.o
LOAD ./gecko_sdk_3.2.2/platform/driver/leddrv/src/sl_led.o
LOAD ./gecko_sdk_3.2.2/platform/driver/leddrv/src/sl_simple_led.o
LOAD ./gecko_sdk_3.2.2/platform/emlib/src/em_assert.o
LOAD ./gecko_sdk_3.2.2/platform/emlib/src/em_cmu.o
LOAD ./gecko_sdk_3.2.2/platform/emlib/src/em_core.o
LOAD ./gecko_sdk_3.2.2/platform/emlib/src/em_emu.o
LOAD ./gecko_sdk_3.2.2/platform/emlib/src/em_gpio.o
LOAD ./gecko_sdk_3.2.2/platform/emlib/src/em_i2c.o
LOAD ./gecko_sdk_3.2.2/platform/emlib/src/em_rtcc.o
LOAD ./gecko_sdk_3.2.2/platform/emlib/src/em_system.o
LOAD ./gecko_sdk_3.2.2/platform/emlib/src/em_usart.o
LOAD ./gecko_sdk_3.2.2/platform/service/device_init/src/sl_device_init_dcdc_s1.o
LOAD ./gecko_sdk_3.2.2/platform/service/device_init/src/sl_device_init_emu_s1.o
LOAD ./gecko_sdk_3.2.2/platform/service/device_init/src/sl_device_init_hfxo_s1.o
LOAD ./gecko_sdk_3.2.2/platform/service/device_init/src/sl_device_init_lfxo_s1.o
LOAD ./gecko_sdk_3.2.2/platform/service/device_init/src/sl_device_init_nvic.o
LOAD ./gecko_sdk_3.2.2/platform/service/iostream/src/sl_iostream.o
LOAD ./gecko_sdk_3.2.2/platform/service/iostream/src/sl_iostream_retarget_stdio.o
LOAD ./gecko_sdk_3.2.2/platform/service/iostream/src/sl_iostream_stdlib_config.o
LOAD ./gecko_sdk_3.2.2/platform/service/iostream/src/sl_iostream_uart.o
LOAD ./gecko_sdk_3.2.2/platform/service/iostream/src/sl_iostream_usart.o
LOAD ./gecko_sdk_3.2.2/platform/service/sleeptimer/src/sl_sleeptimer.o
LOAD ./gecko_sdk_3.2.2/platform/service/sleeptimer/src/sl_sleeptimer_hal_rtcc.o
LOAD ./gecko_sdk_3.2.2/platform/service/system/src/sl_system_init.o
LOAD ./gecko_sdk_3.2.2/platform/service/system/src/sl_system_process_action.o
LOAD ./gecko_sdk_3.2.2/platform/service/udelay/src/sl_udelay.o
LOAD ./gecko_sdk_3.2.2/platform/service/udelay/src/sl_udelay_armv6m_gcc.o
LOAD c:/siliconlabs/simplicitystudio/v5/developer/toolchains/gnu_arm/10.2_2020q4/bin/../lib/gcc/arm-none-eabi/10.2.1/thumb/v7e-m+fp/softfp\libgcc.a
LOAD c:/siliconlabs/simplicitystudio/v5/developer/toolchains/gnu_arm/10.2_2020q4/bin/../lib/gcc/arm-none-eabi/10.2.1/../../../../arm-none-eabi/lib/thumb/v7e-m+fp/softfp\libc_nano.a
LOAD c:/siliconlabs/simplicitystudio/v5/developer/toolchains/gnu_arm/10.2_2020q4/bin/../lib/gcc/arm-none-eabi/10.2.1/../../../../arm-none-eabi/lib/thumb/v7e-m+fp/softfp\libm.a
LOAD c:/siliconlabs/simplicitystudio/v5/developer/toolchains/gnu_arm/10.2_2020q4/bin/../lib/gcc/arm-none-eabi/10.2.1/../../../../arm-none-eabi/lib/thumb/v7e-m+fp/softfp\libnosys.a
END GROUP
START GROUP
LOAD c:/siliconlabs/simplicitystudio/v5/developer/toolchains/gnu_arm/10.2_2020q4/bin/../lib/gcc/arm-none-eabi/10.2.1/thumb/v7e-m+fp/softfp\libgcc.a
LOAD c:/siliconlabs/simplicitystudio/v5/developer/toolchains/gnu_arm/10.2_2020q4/bin/../lib/gcc/arm-none-eabi/10.2.1/../../../../arm-none-eabi/lib/thumb/v7e-m+fp/softfp\libc_nano.a
LOAD c:/siliconlabs/simplicitystudio/v5/developer/toolchains/gnu_arm/10.2_2020q4/bin/../lib/gcc/arm-none-eabi/10.2.1/../../../../arm-none-eabi/lib/thumb/v7e-m+fp/softfp\libnosys.a
END GROUP
START GROUP
LOAD c:/siliconlabs/simplicitystudio/v5/developer/toolchains/gnu_arm/10.2_2020q4/bin/../lib/gcc/arm-none-eabi/10.2.1/thumb/v7e-m+fp/softfp\libgcc.a
LOAD c:/siliconlabs/simplicitystudio/v5/developer/toolchains/gnu_arm/10.2_2020q4/bin/../lib/gcc/arm-none-eabi/10.2.1/../../../../arm-none-eabi/lib/thumb/v7e-m+fp/softfp\libg_nano.a
LOAD c:/siliconlabs/simplicitystudio/v5/developer/toolchains/gnu_arm/10.2_2020q4/bin/../lib/gcc/arm-none-eabi/10.2.1/../../../../arm-none-eabi/lib/thumb/v7e-m+fp/softfp\libc_nano.a
END GROUP
START GROUP
LOAD c:/siliconlabs/simplicitystudio/v5/developer/toolchains/gnu_arm/10.2_2020q4/bin/../lib/gcc/arm-none-eabi/10.2.1/thumb/v7e-m+fp/softfp\libgcc.a
LOAD c:/siliconlabs/simplicitystudio/v5/developer/toolchains/gnu_arm/10.2_2020q4/bin/../lib/gcc/arm-none-eabi/10.2.1/../../../../arm-none-eabi/lib/thumb/v7e-m+fp/softfp\libc_nano.a
END GROUP
LOAD c:/siliconlabs/simplicitystudio/v5/developer/toolchains/gnu_arm/10.2_2020q4/bin/../lib/gcc/arm-none-eabi/10.2.1/thumb/v7e-m+fp/softfp/crtend.o
LOAD c:/siliconlabs/simplicitystudio/v5/developer/toolchains/gnu_arm/10.2_2020q4/bin/../lib/gcc/arm-none-eabi/10.2.1/thumb/v7e-m+fp/softfp/crtn.o

.text           0x00000000     0x5990
                0x00000000                linker_vectors_begin = .
 *(.vectors)
 .vectors       0x00000000      0x10c ./gecko_sdk_3.2.2/platform/Device/SiliconLabs/EFR32MG12P/Source/GCC/startup_efr32mg12p.o
                0x00000000                __Vectors
                0x0000010c                linker_vectors_end = .
                0x0000010c                __Vectors_End = .
                0x0000010c                __Vectors_Size = (__Vectors_End - __Vectors)
                0x0000010c                linker_code_begin = .
 *(.text*)
 .text          0x0000010c       0x40 c:/siliconlabs/simplicitystudio/v5/developer/toolchains/gnu_arm/10.2_2020q4/bin/../lib/gcc/arm-none-eabi/10.2.1/thumb/v7e-m+fp/softfp/crtbegin.o
 .text          0x0000014c       0x7c c:/siliconlabs/simplicitystudio/v5/developer/toolchains/gnu_arm/10.2_2020q4/bin/../lib/gcc/arm-none-eabi/10.2.1/../../../../arm-none-eabi/lib/thumb/v7e-m+fp/softfp/crt0.o
                0x0000014c                _stack_init
                0x00000154                _start
                0x00000154                _mainCRTStartup
 .text.app_init
                0x000001c8        0x4 ./app.o
                0x000001c8                app_init
 .text.app_process_action
                0x000001cc        0x4 ./app.o
                0x000001cc                app_process_action
 .text.timer_callback
                0x000001d0        0xc ./i2cspm.o
 .text.decode_rh
                0x000001dc       0x16 ./i2cspm.o
                0x000001dc                decode_rh
 *fill*         0x000001f2        0x6 
 .text.decode_temp
                0x000001f8       0x84 ./i2cspm.o
                0x000001f8                decode_temp
 .text.SI7021_measure.constprop.0
                0x0000027c       0xc8 ./i2cspm.o
 .text.initialise_temp_limits
                0x00000344       0x28 ./i2cspm.o
                0x00000344                initialise_temp_limits
 .text.set_leds
                0x0000036c       0x54 ./i2cspm.o
                0x0000036c                set_leds
 .text.i2cspm_app_init
                0x000003c0       0x94 ./i2cspm.o
                0x000003c0                i2cspm_app_init
 .text.i2cspm_app_process_action
                0x00000454       0x44 ./i2cspm.o
                0x00000454                i2cspm_app_process_action
 .text.startup.main
                0x00000498       0x14 ./main.o
                0x00000498                main
 .text.sl_board_default_init
                0x000004ac        0x2 ./autogen/sl_board_default_init.o
                0x000004ac                sl_board_default_init
 *fill*         0x000004ae        0x2 
 .text.sl_device_init_clocks
                0x000004b0       0x40 ./autogen/sl_device_init_clocks.o
                0x000004b0                sl_device_init_clocks
 .text.sl_platform_init
                0x000004f0       0x9c ./autogen/sl_event_handler.o
                0x000004f0                sl_platform_init
 .text.sl_driver_init
                0x0000058c        0xe ./autogen/sl_event_handler.o
                0x0000058c                sl_driver_init
 .text.sl_service_init
                0x0000059a       0x12 ./autogen/sl_event_handler.o
                0x0000059a                sl_service_init
 .text.sl_stack_init
                0x000005ac        0x2 ./autogen/sl_event_handler.o
                0x000005ac                sl_stack_init
 .text.sl_internal_app_init
                0x000005ae        0x2 ./autogen/sl_event_handler.o
                0x000005ae                sl_internal_app_init
 .text.sl_platform_process_action
                0x000005b0        0x2 ./autogen/sl_event_handler.o
                0x000005b0                sl_platform_process_action
 .text.sl_service_process_action
                0x000005b2        0x2 ./autogen/sl_event_handler.o
                0x000005b2                sl_service_process_action
 .text.sl_stack_process_action
                0x000005b4        0x2 ./autogen/sl_event_handler.o
                0x000005b4                sl_stack_process_action
 .text.sl_internal_app_process_action
                0x000005b6        0x2 ./autogen/sl_event_handler.o
                0x000005b6                sl_internal_app_process_action
 .text.sl_i2cspm_init_instances
                0x000005b8       0x1c ./autogen/sl_i2cspm_init.o
                0x000005b8                sl_i2cspm_init_instances
 .text.sl_iostream_usart_init_vcom
                0x000005d4       0x60 ./autogen/sl_iostream_init_usart_instances.o
                0x000005d4                sl_iostream_usart_init_vcom
 .text.sl_iostream_usart_init_instances
                0x00000634        0x4 ./autogen/sl_iostream_init_usart_instances.o
                0x00000634                sl_iostream_usart_init_instances
 .text.USART0_RX_IRQHandler
                0x00000638        0xc ./autogen/sl_iostream_init_usart_instances.o
                0x00000638                USART0_RX_IRQHandler
 .text.USART0_TX_IRQHandler
                0x00000644        0x4 ./autogen/sl_iostream_init_usart_instances.o
                0x00000644                USART0_TX_IRQHandler
 .text.sl_simple_led_init_instances
                0x00000648       0x1c ./autogen/sl_simple_led_instances.o
                0x00000648                sl_simple_led_init_instances
 .text.sl_board_enable_sensor
                0x00000664       0x56 ./gecko_sdk_3.2.2/hardware/board/src/sl_board_control_gpio.o
                0x00000664                sl_board_enable_sensor
 *fill*         0x000006ba        0x2 
 .text.sl_board_init
                0x000006bc       0x20 ./gecko_sdk_3.2.2/hardware/board/src/sl_board_init.o
                0x000006bc                sl_board_init
 .text.sl_board_preinit
                0x000006dc        0xc ./gecko_sdk_3.2.2/hardware/board/src/sl_board_init.o
                0x000006dc                sl_board_preinit
 .text.cs_high  0x000006e8       0x10 ./gecko_sdk_3.2.2/hardware/driver/mx25_flash_shutdown/src/sl_mx25_flash_shutdown_usart/sl_mx25_flash_shutdown.o
 .text.cs_low   0x000006f8       0x10 ./gecko_sdk_3.2.2/hardware/driver/mx25_flash_shutdown/src/sl_mx25_flash_shutdown_usart/sl_mx25_flash_shutdown.o
 .text.sl_mx25_flash_shutdown
                0x00000708       0xfc ./gecko_sdk_3.2.2/hardware/driver/mx25_flash_shutdown/src/sl_mx25_flash_shutdown_usart/sl_mx25_flash_shutdown.o
                0x00000708                sl_mx25_flash_shutdown
 .text.Default_Handler
                0x00000804        0x2 ./gecko_sdk_3.2.2/platform/Device/SiliconLabs/EFR32MG12P/Source/GCC/startup_efr32mg12p.o
                0x00000804                DebugMon_Handler
                0x00000804                I2C0_IRQHandler
                0x00000804                HardFault_Handler
                0x00000804                SysTick_Handler
                0x00000804                USART1_RX_IRQHandler
                0x00000804                PendSV_Handler
                0x00000804                NMI_Handler
                0x00000804                SYNTH_IRQHandler
                0x00000804                I2C1_IRQHandler
                0x00000804                WTIMER0_IRQHandler
                0x00000804                CRYPTO0_IRQHandler
                0x00000804                WDOG0_IRQHandler
                0x00000804                USART1_TX_IRQHandler
                0x00000804                SMU_IRQHandler
                0x00000804                MSC_IRQHandler
                0x00000804                ADC0_IRQHandler
                0x00000804                UsageFault_Handler
                0x00000804                WDOG1_IRQHandler
                0x00000804                LEUART0_IRQHandler
                0x00000804                FPUEH_IRQHandler
                0x00000804                WTIMER1_IRQHandler
                0x00000804                GPIO_EVEN_IRQHandler
                0x00000804                VDAC0_IRQHandler
                0x00000804                LDMA_IRQHandler
                0x00000804                CSEN_IRQHandler
                0x00000804                CRYPTO1_IRQHandler
                0x00000804                TIMER0_IRQHandler
                0x00000804                PCNT2_IRQHandler
                0x00000804                LETIMER0_IRQHandler
                0x00000804                TIMER1_IRQHandler
                0x00000804                TRNG0_IRQHandler
                0x00000804                RFSENSE_IRQHandler
                0x00000804                BUFC_IRQHandler
                0x00000804                MODEM_IRQHandler
                0x00000804                USART2_RX_IRQHandler
                0x00000804                Default_Handler
                0x00000804                RAC_SEQ_IRQHandler
                0x00000804                FRC_PRI_IRQHandler
                0x00000804                EMU_IRQHandler
                0x00000804                FRC_IRQHandler
                0x00000804                CRYOTIMER_IRQHandler
                0x00000804                PCNT0_IRQHandler
                0x00000804                AGC_IRQHandler
                0x00000804                sl_app_properties
                0x00000804                PCNT1_IRQHandler
                0x00000804                ACMP0_IRQHandler
                0x00000804                MemManage_Handler
                0x00000804                SVC_Handler
                0x00000804                USART3_RX_IRQHandler
                0x00000804                CMU_IRQHandler
                0x00000804                RAC_RSM_IRQHandler
                0x00000804                GPIO_ODD_IRQHandler
                0x00000804                LESENSE_IRQHandler
                0x00000804                USART3_TX_IRQHandler
                0x00000804                PROTIMER_IRQHandler
                0x00000804                BusFault_Handler
                0x00000804                USART2_TX_IRQHandler
                0x00000804                IDAC0_IRQHandler
 *fill*         0x00000806        0x2 
 .text.Reset_Handler
                0x00000808       0x2c ./gecko_sdk_3.2.2/platform/Device/SiliconLabs/EFR32MG12P/Source/GCC/startup_efr32mg12p.o
                0x00000808                Reset_Handler
 .text.SystemMaxCoreClockGet
                0x00000834        0x8 ./gecko_sdk_3.2.2/platform/Device/SiliconLabs/EFR32MG12P/Source/system_efr32mg12p.o
                0x00000834                SystemMaxCoreClockGet
 .text.SystemHFClockGet
                0x0000083c       0x54 ./gecko_sdk_3.2.2/platform/Device/SiliconLabs/EFR32MG12P/Source/system_efr32mg12p.o
                0x0000083c                SystemHFClockGet
 .text.SystemCoreClockGet
                0x00000890       0x24 ./gecko_sdk_3.2.2/platform/Device/SiliconLabs/EFR32MG12P/Source/system_efr32mg12p.o
                0x00000890                SystemCoreClockGet
 .text.SystemHFXOClockGet
                0x000008b4        0xc ./gecko_sdk_3.2.2/platform/Device/SiliconLabs/EFR32MG12P/Source/system_efr32mg12p.o
                0x000008b4                SystemHFXOClockGet
 .text.SystemHFXOClockSet
                0x000008c0       0x20 ./gecko_sdk_3.2.2/platform/Device/SiliconLabs/EFR32MG12P/Source/system_efr32mg12p.o
                0x000008c0                SystemHFXOClockSet
 .text.SystemInit
                0x000008e0       0x1c ./gecko_sdk_3.2.2/platform/Device/SiliconLabs/EFR32MG12P/Source/system_efr32mg12p.o
                0x000008e0                SystemInit
 .text.SystemLFRCOClockGet
                0x000008fc        0x6 ./gecko_sdk_3.2.2/platform/Device/SiliconLabs/EFR32MG12P/Source/system_efr32mg12p.o
                0x000008fc                SystemLFRCOClockGet
 .text.SystemULFRCOClockGet
                0x00000902        0x6 ./gecko_sdk_3.2.2/platform/Device/SiliconLabs/EFR32MG12P/Source/system_efr32mg12p.o
                0x00000902                SystemULFRCOClockGet
 .text.SystemLFXOClockGet
                0x00000908        0xc ./gecko_sdk_3.2.2/platform/Device/SiliconLabs/EFR32MG12P/Source/system_efr32mg12p.o
                0x00000908                SystemLFXOClockGet
 .text._sbrk    0x00000914       0x20 ./gecko_sdk_3.2.2/platform/common/toolchain/src/sl_memory.o
                0x00000914                _sbrk
 .text.I2CSPM_Init
                0x00000934      0x1b4 ./gecko_sdk_3.2.2/platform/driver/i2cspm/src/sl_i2cspm.o
                0x00000934                I2CSPM_Init
 .text.I2CSPM_Transfer
                0x00000ae8       0x20 ./gecko_sdk_3.2.2/platform/driver/i2cspm/src/sl_i2cspm.o
                0x00000ae8                I2CSPM_Transfer
 .text.sl_led_init
                0x00000b08        0x6 ./gecko_sdk_3.2.2/platform/driver/leddrv/src/sl_led.o
                0x00000b08                sl_led_init
 .text.sl_led_turn_on
                0x00000b0e        0x6 ./gecko_sdk_3.2.2/platform/driver/leddrv/src/sl_led.o
                0x00000b0e                sl_led_turn_on
 .text.sl_led_turn_off
                0x00000b14        0x6 ./gecko_sdk_3.2.2/platform/driver/leddrv/src/sl_led.o
                0x00000b14                sl_led_turn_off
 *fill*         0x00000b1a        0x2 
 .text.GPIO_PinOutClear
                0x00000b1c       0x80 ./gecko_sdk_3.2.2/platform/driver/leddrv/src/sl_simple_led.o
 .text.GPIO_PinOutSet
                0x00000b9c       0x80 ./gecko_sdk_3.2.2/platform/driver/leddrv/src/sl_simple_led.o
 .text.sl_simple_led_init
                0x00000c1c       0x34 ./gecko_sdk_3.2.2/platform/driver/leddrv/src/sl_simple_led.o
                0x00000c1c                sl_simple_led_init
 .text.sl_simple_led_turn_on
                0x00000c50       0x12 ./gecko_sdk_3.2.2/platform/driver/leddrv/src/sl_simple_led.o
                0x00000c50                sl_simple_led_turn_on
 .text.sl_simple_led_turn_off
                0x00000c62       0x12 ./gecko_sdk_3.2.2/platform/driver/leddrv/src/sl_simple_led.o
                0x00000c62                sl_simple_led_turn_off
 .text.sl_simple_led_toggle
                0x00000c74       0x80 ./gecko_sdk_3.2.2/platform/driver/leddrv/src/sl_simple_led.o
                0x00000c74                sl_simple_led_toggle
 .text.sl_simple_led_get_state
                0x00000cf4       0x90 ./gecko_sdk_3.2.2/platform/driver/leddrv/src/sl_simple_led.o
                0x00000cf4                sl_simple_led_get_state
 .text.assertEFM
                0x00000d84        0x2 ./gecko_sdk_3.2.2/platform/emlib/src/em_assert.o
                0x00000d84                assertEFM
 *fill*         0x00000d86        0x2 
 .text.setHfLeConfig
                0x00000d88       0x44 ./gecko_sdk_3.2.2/platform/emlib/src/em_cmu.o
 .text.flashWaitStateControl
                0x00000dcc       0x54 ./gecko_sdk_3.2.2/platform/emlib/src/em_cmu.o
 .text.SL_Log2ToDiv
                0x00000e20       0x1c ./gecko_sdk_3.2.2/platform/emlib/src/em_cmu.o
 .text.flashWaitStateMax
                0x00000e3c       0x24 ./gecko_sdk_3.2.2/platform/emlib/src/em_cmu.o
 .text.EMU_VScaleWait
                0x00000e60       0x1c ./gecko_sdk_3.2.2/platform/emlib/src/em_cmu.o
 .text.EMU_VScaleGet
                0x00000e7c       0x14 ./gecko_sdk_3.2.2/platform/emlib/src/em_cmu.o
 .text.syncReg  0x00000e90       0x18 ./gecko_sdk_3.2.2/platform/emlib/src/em_cmu.o
 .text.CMU_UpdateWaitStates
                0x00000ea8       0x1c ./gecko_sdk_3.2.2/platform/emlib/src/em_cmu.o
                0x00000ea8                CMU_UpdateWaitStates
 .text.CMU_ClockEnable
                0x00000ec4       0x90 ./gecko_sdk_3.2.2/platform/emlib/src/em_cmu.o
                0x00000ec4                CMU_ClockEnable
 .text.CMU_ClockPrescGet
                0x00000f54       0xec ./gecko_sdk_3.2.2/platform/emlib/src/em_cmu.o
                0x00000f54                CMU_ClockPrescGet
 .text.CMU_ClockDivGet
                0x00001040        0xa ./gecko_sdk_3.2.2/platform/emlib/src/em_cmu.o
                0x00001040                CMU_ClockDivGet
 *fill*         0x0000104a        0x2 
 .text.CMU_ClockSelectGet
                0x0000104c       0xcc ./gecko_sdk_3.2.2/platform/emlib/src/em_cmu.o
                0x0000104c                CMU_ClockSelectGet
 .text.lfClkGet
                0x00001118       0xc8 ./gecko_sdk_3.2.2/platform/emlib/src/em_cmu.o
 .text.CMU_ClockFreqGet
                0x000011e0      0x1e0 ./gecko_sdk_3.2.2/platform/emlib/src/em_cmu.o
                0x000011e0                CMU_ClockFreqGet
 .text.CMU_LFXOPrecisionSet
                0x000013c0        0xc ./gecko_sdk_3.2.2/platform/emlib/src/em_cmu.o
                0x000013c0                CMU_LFXOPrecisionSet
 .text.CMU_OscillatorTuningSet
                0x000013cc       0xf4 ./gecko_sdk_3.2.2/platform/emlib/src/em_cmu.o
                0x000013cc                CMU_OscillatorTuningSet
 .text.CMU_OscillatorTuningWait
                0x000014c0       0x68 ./gecko_sdk_3.2.2/platform/emlib/src/em_cmu.o
                0x000014c0                CMU_OscillatorTuningWait
 .text.CMU_OscillatorTuningOptimize
                0x00001528       0x38 ./gecko_sdk_3.2.2/platform/emlib/src/em_cmu.o
                0x00001528                CMU_OscillatorTuningOptimize
 .text.CMU_OscillatorEnable
                0x00001560      0x124 ./gecko_sdk_3.2.2/platform/emlib/src/em_cmu.o
                0x00001560                CMU_OscillatorEnable
 .text.CMU_ClockSelectSet
                0x00001684      0x214 ./gecko_sdk_3.2.2/platform/emlib/src/em_cmu.o
                0x00001684                CMU_ClockSelectSet
 .text.CMU_HFXOInit
                0x00001898       0xb8 ./gecko_sdk_3.2.2/platform/emlib/src/em_cmu.o
                0x00001898                CMU_HFXOInit
 .text.CMU_LFXOInit
                0x00001950       0x58 ./gecko_sdk_3.2.2/platform/emlib/src/em_cmu.o
                0x00001950                CMU_LFXOInit
 .text.CORE_EnterCritical
                0x000019a8        0x8 ./gecko_sdk_3.2.2/platform/emlib/src/em_core.o
                0x000019a8                CORE_EnterCritical
 .text.CORE_ExitCritical
                0x000019b0        0x6 ./gecko_sdk_3.2.2/platform/emlib/src/em_core.o
                0x000019b0                CORE_ExitCritical
 .text.CORE_EnterAtomic
                0x000019b6        0xc ./gecko_sdk_3.2.2/platform/emlib/src/em_core.o
                0x000019b6                CORE_EnterAtomic
 .text.CORE_ExitAtomic
                0x000019c2        0x6 ./gecko_sdk_3.2.2/platform/emlib/src/em_core.o
                0x000019c2                CORE_ExitAtomic
 .text.EMU_LDOStatusGet
                0x000019c8       0x14 ./gecko_sdk_3.2.2/platform/emlib/src/em_emu.o
 .text.lpGetDevinfoVrefLowHigh
                0x000019dc       0xa8 ./gecko_sdk_3.2.2/platform/emlib/src/em_emu.o
 .text.EMU_VScaleWait
                0x00001a84       0x18 ./gecko_sdk_3.2.2/platform/emlib/src/em_emu.o
 .text.lpCmpHystCalibrationLoad.constprop.0
                0x00001a9c       0x78 ./gecko_sdk_3.2.2/platform/emlib/src/em_emu.o
 .text.EMU_VScaleEM01
                0x00001b14       0x80 ./gecko_sdk_3.2.2/platform/emlib/src/em_emu.o
                0x00001b14                EMU_VScaleEM01
 .text.EMU_VScaleEM01ByClock
                0x00001b94       0x50 ./gecko_sdk_3.2.2/platform/emlib/src/em_emu.o
                0x00001b94                EMU_VScaleEM01ByClock
 .text.EMU_EM4Init
                0x00001be4       0x54 ./gecko_sdk_3.2.2/platform/emlib/src/em_emu.o
                0x00001be4                EMU_EM4Init
 .text.EMU_DCDCModeSet
                0x00001c38       0x94 ./gecko_sdk_3.2.2/platform/emlib/src/em_emu.o
                0x00001c38                EMU_DCDCModeSet
 .text.EMU_DCDCOutputVoltageSet
                0x00001ccc      0x18c ./gecko_sdk_3.2.2/platform/emlib/src/em_emu.o
                0x00001ccc                EMU_DCDCOutputVoltageSet
 .text.EMU_DCDCOptimizeSlice
                0x00001e58       0xe0 ./gecko_sdk_3.2.2/platform/emlib/src/em_emu.o
                0x00001e58                EMU_DCDCOptimizeSlice
 .text.EMU_DCDCLnRcoBandSet
                0x00001f38       0x44 ./gecko_sdk_3.2.2/platform/emlib/src/em_emu.o
                0x00001f38                EMU_DCDCLnRcoBandSet
 .text.EMU_DCDCInit
                0x00001f7c      0x18c ./gecko_sdk_3.2.2/platform/emlib/src/em_emu.o
                0x00001f7c                EMU_DCDCInit
 .text.GPIO_PinOutSet
                0x00002108       0x80 ./gecko_sdk_3.2.2/platform/emlib/src/em_gpio.o
 .text.GPIO_PinOutClear
                0x00002188       0x80 ./gecko_sdk_3.2.2/platform/emlib/src/em_gpio.o
 .text.GPIO_PinModeSet
                0x00002208       0xdc ./gecko_sdk_3.2.2/platform/emlib/src/em_gpio.o
                0x00002208                GPIO_PinModeSet
 .text.I2C_BusFreqSet
                0x000022e4       0xf0 ./gecko_sdk_3.2.2/platform/emlib/src/em_i2c.o
                0x000022e4                I2C_BusFreqSet
 .text.I2C_Enable
                0x000023d4       0x34 ./gecko_sdk_3.2.2/platform/emlib/src/em_i2c.o
                0x000023d4                I2C_Enable
 .text.I2C_Init
                0x00002408       0x58 ./gecko_sdk_3.2.2/platform/emlib/src/em_i2c.o
                0x00002408                I2C_Init
 .text.I2C_Transfer
                0x00002460      0x208 ./gecko_sdk_3.2.2/platform/emlib/src/em_i2c.o
                0x00002460                I2C_Transfer
 .text.I2C_TransferInit
                0x00002668       0xb4 ./gecko_sdk_3.2.2/platform/emlib/src/em_i2c.o
                0x00002668                I2C_TransferInit
 .text.RTCC_ChannelInit
                0x0000271c       0x58 ./gecko_sdk_3.2.2/platform/emlib/src/em_rtcc.o
                0x0000271c                RTCC_ChannelInit
 .text.RTCC_Enable
                0x00002774        0xc ./gecko_sdk_3.2.2/platform/emlib/src/em_rtcc.o
                0x00002774                RTCC_Enable
 .text.RTCC_Init
                0x00002780       0x68 ./gecko_sdk_3.2.2/platform/emlib/src/em_rtcc.o
                0x00002780                RTCC_Init
 .text.USART_BaudrateAsyncSet
                0x000027e8       0xe0 ./gecko_sdk_3.2.2/platform/emlib/src/em_usart.o
                0x000027e8                USART_BaudrateAsyncSet
 .text.USART_BaudrateSyncSet
                0x000028c8       0x4c ./gecko_sdk_3.2.2/platform/emlib/src/em_usart.o
                0x000028c8                USART_BaudrateSyncSet
 .text.USART_Enable
                0x00002914       0x44 ./gecko_sdk_3.2.2/platform/emlib/src/em_usart.o
                0x00002914                USART_Enable
 .text.USART_Reset
                0x00002958       0x90 ./gecko_sdk_3.2.2/platform/emlib/src/em_usart.o
                0x00002958                USART_Reset
 .text.USART_InitAsync
                0x000029e8       0xa4 ./gecko_sdk_3.2.2/platform/emlib/src/em_usart.o
                0x000029e8                USART_InitAsync
 .text.USART_InitSync
                0x00002a8c       0xb4 ./gecko_sdk_3.2.2/platform/emlib/src/em_usart.o
                0x00002a8c                USART_InitSync
 .text.USART_Rx
                0x00002b40        0xc ./gecko_sdk_3.2.2/platform/emlib/src/em_usart.o
                0x00002b40                USART_Rx
 .text.USART_SpiTransfer
                0x00002b4c       0x14 ./gecko_sdk_3.2.2/platform/emlib/src/em_usart.o
                0x00002b4c                USART_SpiTransfer
 .text.USART_Tx
                0x00002b60        0xa ./gecko_sdk_3.2.2/platform/emlib/src/em_usart.o
                0x00002b60                USART_Tx
 *fill*         0x00002b6a        0x2 
 .text.sl_device_init_dcdc
                0x00002b6c       0x2c ./gecko_sdk_3.2.2/platform/service/device_init/src/sl_device_init_dcdc_s1.o
                0x00002b6c                sl_device_init_dcdc
 .text.sl_device_init_emu
                0x00002b98       0x1c ./gecko_sdk_3.2.2/platform/service/device_init/src/sl_device_init_emu_s1.o
                0x00002b98                sl_device_init_emu
 .text.sl_device_init_hfxo
                0x00002bb4       0x6c ./gecko_sdk_3.2.2/platform/service/device_init/src/sl_device_init_hfxo_s1.o
                0x00002bb4                sl_device_init_hfxo
 .text.sl_device_init_lfxo
                0x00002c20       0x28 ./gecko_sdk_3.2.2/platform/service/device_init/src/sl_device_init_lfxo_s1.o
                0x00002c20                sl_device_init_lfxo
 .text.sl_device_init_nvic
                0x00002c48       0x3c ./gecko_sdk_3.2.2/platform/service/device_init/src/sl_device_init_nvic.o
                0x00002c48                sl_device_init_nvic
 .text.sl_iostream_set_default
                0x00002c84       0x18 ./gecko_sdk_3.2.2/platform/service/iostream/src/sl_iostream.o
                0x00002c84                sl_iostream_set_default
 .text.sl_iostream_get_default
                0x00002c9c       0x18 ./gecko_sdk_3.2.2/platform/service/iostream/src/sl_iostream.o
                0x00002c9c                sl_iostream_get_default
 .text.sl_iostream_write
                0x00002cb4       0x28 ./gecko_sdk_3.2.2/platform/service/iostream/src/sl_iostream.o
                0x00002cb4                sl_iostream_write
 .text.sl_iostream_read
                0x00002cdc       0x32 ./gecko_sdk_3.2.2/platform/service/iostream/src/sl_iostream.o
                0x00002cdc                sl_iostream_read
 .text._close   0x00002d0e        0x4 ./gecko_sdk_3.2.2/platform/service/iostream/src/sl_iostream_retarget_stdio.o
                0x00002d0e                _close
 .text._exit    0x00002d12        0x2 ./gecko_sdk_3.2.2/platform/service/iostream/src/sl_iostream_retarget_stdio.o
                0x00002d12                _exit
 .text._fstat   0x00002d14        0xa ./gecko_sdk_3.2.2/platform/service/iostream/src/sl_iostream_retarget_stdio.o
                0x00002d14                _fstat
 .text._isatty  0x00002d1e        0x4 ./gecko_sdk_3.2.2/platform/service/iostream/src/sl_iostream_retarget_stdio.o
                0x00002d1e                _isatty
 .text._lseek   0x00002d22        0x4 ./gecko_sdk_3.2.2/platform/service/iostream/src/sl_iostream_retarget_stdio.o
                0x00002d22                _lseek
 .text._read    0x00002d26       0x1c ./gecko_sdk_3.2.2/platform/service/iostream/src/sl_iostream_retarget_stdio.o
                0x00002d26                _read
 *fill*         0x00002d42        0x2 
 .text._write   0x00002d44       0x1c ./gecko_sdk_3.2.2/platform/service/iostream/src/sl_iostream_retarget_stdio.o
                0x00002d44                _write
 .text.sl_iostream_stdlib_disable_buffering
                0x00002d60       0x14 ./gecko_sdk_3.2.2/platform/service/iostream/src/sl_iostream_stdlib_config.o
                0x00002d60                sl_iostream_stdlib_disable_buffering
 .text.set_auto_cr_lf
                0x00002d74        0x6 ./gecko_sdk_3.2.2/platform/service/iostream/src/sl_iostream_uart.o
 .text.get_auto_cr_lf
                0x00002d7a        0x6 ./gecko_sdk_3.2.2/platform/service/iostream/src/sl_iostream_uart.o
 .text.uart_read
                0x00002d80       0x6e ./gecko_sdk_3.2.2/platform/service/iostream/src/sl_iostream_uart.o
 .text.uart_deinit
                0x00002dee       0x56 ./gecko_sdk_3.2.2/platform/service/iostream/src/sl_iostream_uart.o
 .text.uart_write
                0x00002e44       0x3e ./gecko_sdk_3.2.2/platform/service/iostream/src/sl_iostream_uart.o
 *fill*         0x00002e82        0x2 
 .text.sli_iostream_uart_context_init
                0x00002e84       0x9c ./gecko_sdk_3.2.2/platform/service/iostream/src/sl_iostream_uart.o
                0x00002e84                sli_iostream_uart_context_init
 .text.sli_uart_is_rx_space_avail
                0x00002f20        0xe ./gecko_sdk_3.2.2/platform/service/iostream/src/sl_iostream_uart.o
                0x00002f20                sli_uart_is_rx_space_avail
 *fill*         0x00002f2e        0x2 
 .text.sli_uart_push_rxd_data
                0x00002f30       0x3c ./gecko_sdk_3.2.2/platform/service/iostream/src/sl_iostream_uart.o
                0x00002f30                sli_uart_push_rxd_data
 .text.usart_enable_rx
                0x00002f6c        0xc ./gecko_sdk_3.2.2/platform/service/iostream/src/sl_iostream_usart.o
 .text.usart_deinit
                0x00002f78       0x6c ./gecko_sdk_3.2.2/platform/service/iostream/src/sl_iostream_usart.o
 .text.usart_tx
                0x00002fe4        0xc ./gecko_sdk_3.2.2/platform/service/iostream/src/sl_iostream_usart.o
 .text.sl_iostream_usart_init
                0x00002ff0      0x160 ./gecko_sdk_3.2.2/platform/service/iostream/src/sl_iostream_usart.o
                0x00002ff0                sl_iostream_usart_init
 .text.sl_iostream_usart_irq_handler
                0x00003150       0x30 ./gecko_sdk_3.2.2/platform/service/iostream/src/sl_iostream_usart.o
                0x00003150                sl_iostream_usart_irq_handler
 .text.delay_callback
                0x00003180        0x6 ./gecko_sdk_3.2.2/platform/service/sleeptimer/src/sl_sleeptimer.o
 *fill*         0x00003186        0x2 
 .text.delta_list_insert_timer
                0x00003188       0x44 ./gecko_sdk_3.2.2/platform/service/sleeptimer/src/sl_sleeptimer.o
 .text.update_first_timer_delta
                0x000031cc       0x34 ./gecko_sdk_3.2.2/platform/service/sleeptimer/src/sl_sleeptimer.o
 .text.set_comparator_for_next_timer
                0x00003200       0x4c ./gecko_sdk_3.2.2/platform/service/sleeptimer/src/sl_sleeptimer.o
 .text.create_timer
                0x0000324c       0x5c ./gecko_sdk_3.2.2/platform/service/sleeptimer/src/sl_sleeptimer.o
 .text.delta_list_remove_timer
                0x000032a8       0x38 ./gecko_sdk_3.2.2/platform/service/sleeptimer/src/sl_sleeptimer.o
 .text.sl_sleeptimer_init
                0x000032e0       0x74 ./gecko_sdk_3.2.2/platform/service/sleeptimer/src/sl_sleeptimer.o
                0x000032e0                sl_sleeptimer_init
 .text.sl_sleeptimer_is_timer_running
                0x00003354       0x38 ./gecko_sdk_3.2.2/platform/service/sleeptimer/src/sl_sleeptimer.o
                0x00003354                sl_sleeptimer_is_timer_running
 .text.sl_sleeptimer_start_timer
                0x0000338c       0x46 ./gecko_sdk_3.2.2/platform/service/sleeptimer/src/sl_sleeptimer.o
                0x0000338c                sl_sleeptimer_start_timer
 .text.sl_sleeptimer_start_periodic_timer
                0x000033d2       0x48 ./gecko_sdk_3.2.2/platform/service/sleeptimer/src/sl_sleeptimer.o
                0x000033d2                sl_sleeptimer_start_periodic_timer
 *fill*         0x0000341a        0x2 
 .text.sl_sleeptimer_ms_to_tick
                0x0000341c       0x18 ./gecko_sdk_3.2.2/platform/service/sleeptimer/src/sl_sleeptimer.o
                0x0000341c                sl_sleeptimer_ms_to_tick
 .text.sl_sleeptimer_delay_millisecond
                0x00003434       0x38 ./gecko_sdk_3.2.2/platform/service/sleeptimer/src/sl_sleeptimer.o
                0x00003434                sl_sleeptimer_delay_millisecond
 .text.process_timer_irq
                0x0000346c      0x120 ./gecko_sdk_3.2.2/platform/service/sleeptimer/src/sl_sleeptimer.o
                0x0000346c                process_timer_irq
 .text.CMU_PrescToLog2.constprop.0
                0x0000358c        0x4 ./gecko_sdk_3.2.2/platform/service/sleeptimer/src/sl_sleeptimer_hal_rtcc.o
 .text.sleeptimer_hal_init_timer
                0x00003590       0x8c ./gecko_sdk_3.2.2/platform/service/sleeptimer/src/sl_sleeptimer_hal_rtcc.o
                0x00003590                sleeptimer_hal_init_timer
 .text.sleeptimer_hal_get_counter
                0x0000361c        0xc ./gecko_sdk_3.2.2/platform/service/sleeptimer/src/sl_sleeptimer_hal_rtcc.o
                0x0000361c                sleeptimer_hal_get_counter
 .text.sleeptimer_hal_set_compare
                0x00003628       0x50 ./gecko_sdk_3.2.2/platform/service/sleeptimer/src/sl_sleeptimer_hal_rtcc.o
                0x00003628                sleeptimer_hal_set_compare
 .text.sleeptimer_hal_enable_int
                0x00003678       0x1c ./gecko_sdk_3.2.2/platform/service/sleeptimer/src/sl_sleeptimer_hal_rtcc.o
                0x00003678                sleeptimer_hal_enable_int
 .text.sleeptimer_hal_disable_int
                0x00003694       0x30 ./gecko_sdk_3.2.2/platform/service/sleeptimer/src/sl_sleeptimer_hal_rtcc.o
                0x00003694                sleeptimer_hal_disable_int
 .text.RTCC_IRQHandler
                0x000036c4       0x30 ./gecko_sdk_3.2.2/platform/service/sleeptimer/src/sl_sleeptimer_hal_rtcc.o
                0x000036c4                RTCC_IRQHandler
 .text.sleeptimer_hal_get_timer_frequency
                0x000036f4       0x18 ./gecko_sdk_3.2.2/platform/service/sleeptimer/src/sl_sleeptimer_hal_rtcc.o
                0x000036f4                sleeptimer_hal_get_timer_frequency
 .text.sl_system_init
                0x0000370c       0x1a ./gecko_sdk_3.2.2/platform/service/system/src/sl_system_init.o
                0x0000370c                sl_system_init
 .text.sl_system_process_action
                0x00003726       0x16 ./gecko_sdk_3.2.2/platform/service/system/src/sl_system_process_action.o
                0x00003726                sl_system_process_action
 .text.sl_udelay_wait
                0x0000373c       0x30 ./gecko_sdk_3.2.2/platform/service/udelay/src/sl_udelay.o
                0x0000373c                sl_udelay_wait
 *fill*         0x0000376c        0x4 
 .text          0x00003770        0x8 ./gecko_sdk_3.2.2/platform/service/udelay/src/sl_udelay_armv6m_gcc.o
                0x00003770                sli_delay_loop
 .text          0x00003778      0x254 c:/siliconlabs/simplicitystudio/v5/developer/toolchains/gnu_arm/10.2_2020q4/bin/../lib/gcc/arm-none-eabi/10.2.1/thumb/v7e-m+fp/softfp\libgcc.a(_arm_muldf3.o)
                0x00003778                __muldf3
                0x00003778                __aeabi_dmul
 .text          0x000039cc      0x378 c:/siliconlabs/simplicitystudio/v5/developer/toolchains/gnu_arm/10.2_2020q4/bin/../lib/gcc/arm-none-eabi/10.2.1/thumb/v7e-m+fp/softfp\libgcc.a(_arm_addsubdf3.o)
                0x000039cc                __aeabi_drsub
                0x000039d4                __aeabi_dsub
                0x000039d4                __subdf3
                0x000039d8                __aeabi_dadd
                0x000039d8                __adddf3
                0x00003c50                __floatunsidf
                0x00003c50                __aeabi_ui2d
                0x00003c70                __floatsidf
                0x00003c70                __aeabi_i2d
                0x00003c94                __aeabi_f2d
                0x00003c94                __extendsfdf2
                0x00003cd8                __floatundidf
                0x00003cd8                __aeabi_ul2d
                0x00003ce8                __floatdidf
                0x00003ce8                __aeabi_l2d
 .text          0x00003d44       0x40 c:/siliconlabs/simplicitystudio/v5/developer/toolchains/gnu_arm/10.2_2020q4/bin/../lib/gcc/arm-none-eabi/10.2.1/thumb/v7e-m+fp/softfp\libgcc.a(_arm_fixunsdfsi.o)
                0x00003d44                __aeabi_d2uiz
                0x00003d44                __fixunsdfsi
 .text          0x00003d84       0xa0 c:/siliconlabs/simplicitystudio/v5/developer/toolchains/gnu_arm/10.2_2020q4/bin/../lib/gcc/arm-none-eabi/10.2.1/thumb/v7e-m+fp/softfp\libgcc.a(_arm_truncdfsf2.o)
                0x00003d84                __truncdfsf2
                0x00003d84                __aeabi_d2f
 .text          0x00003e24       0x30 c:/siliconlabs/simplicitystudio/v5/developer/toolchains/gnu_arm/10.2_2020q4/bin/../lib/gcc/arm-none-eabi/10.2.1/thumb/v7e-m+fp/softfp\libgcc.a(_aeabi_uldivmod.o)
                0x00003e24                __aeabi_uldivmod
 .text          0x00003e54      0x2d0 c:/siliconlabs/simplicitystudio/v5/developer/toolchains/gnu_arm/10.2_2020q4/bin/../lib/gcc/arm-none-eabi/10.2.1/thumb/v7e-m+fp/softfp\libgcc.a(_udivmoddi4.o)
                0x00003e54                __udivmoddi4
 .text          0x00004124        0x4 c:/siliconlabs/simplicitystudio/v5/developer/toolchains/gnu_arm/10.2_2020q4/bin/../lib/gcc/arm-none-eabi/10.2.1/thumb/v7e-m+fp/softfp\libgcc.a(_dvmd_tls.o)
                0x00004124                __aeabi_idiv0
                0x00004124                __aeabi_ldiv0
 .text.exit     0x00004128       0x28 c:/siliconlabs/simplicitystudio/v5/developer/toolchains/gnu_arm/10.2_2020q4/bin/../lib/gcc/arm-none-eabi/10.2.1/../../../../arm-none-eabi/lib/thumb/v7e-m+fp/softfp\libc_nano.a(lib_a-exit.o)
                0x00004128                exit
 .text.__libc_init_array
                0x00004150       0x48 c:/siliconlabs/simplicitystudio/v5/developer/toolchains/gnu_arm/10.2_2020q4/bin/../lib/gcc/arm-none-eabi/10.2.1/../../../../arm-none-eabi/lib/thumb/v7e-m+fp/softfp\libc_nano.a(lib_a-init.o)
                0x00004150                __libc_init_array
 .text.memset   0x00004198       0x10 c:/siliconlabs/simplicitystudio/v5/developer/toolchains/gnu_arm/10.2_2020q4/bin/../lib/gcc/arm-none-eabi/10.2.1/../../../../arm-none-eabi/lib/thumb/v7e-m+fp/softfp\libc_nano.a(lib_a-memset.o)
                0x00004198                memset
 .text.printf   0x000041a8       0x30 c:/siliconlabs/simplicitystudio/v5/developer/toolchains/gnu_arm/10.2_2020q4/bin/../lib/gcc/arm-none-eabi/10.2.1/../../../../arm-none-eabi/lib/thumb/v7e-m+fp/softfp\libc_nano.a(lib_a-printf.o)
                0x000041a8                iprintf
                0x000041a8                printf
 .text.setvbuf  0x000041d8      0x18c c:/siliconlabs/simplicitystudio/v5/developer/toolchains/gnu_arm/10.2_2020q4/bin/../lib/gcc/arm-none-eabi/10.2.1/../../../../arm-none-eabi/lib/thumb/v7e-m+fp/softfp\libc_nano.a(lib_a-setvbuf.o)
                0x000041d8                setvbuf
 .text.__sflush_r
                0x00004364      0x10c c:/siliconlabs/simplicitystudio/v5/developer/toolchains/gnu_arm/10.2_2020q4/bin/../lib/gcc/arm-none-eabi/10.2.1/../../../../arm-none-eabi/lib/thumb/v7e-m+fp/softfp\libc_nano.a(lib_a-fflush.o)
                0x00004364                __sflush_r
 .text._fflush_r
                0x00004470       0x78 c:/siliconlabs/simplicitystudio/v5/developer/toolchains/gnu_arm/10.2_2020q4/bin/../lib/gcc/arm-none-eabi/10.2.1/../../../../arm-none-eabi/lib/thumb/v7e-m+fp/softfp\libc_nano.a(lib_a-fflush.o)
                0x00004470                _fflush_r
 .text.std      0x000044e8       0x48 c:/siliconlabs/simplicitystudio/v5/developer/toolchains/gnu_arm/10.2_2020q4/bin/../lib/gcc/arm-none-eabi/10.2.1/../../../../arm-none-eabi/lib/thumb/v7e-m+fp/softfp\libc_nano.a(lib_a-findfp.o)
 .text._cleanup_r
                0x00004530        0xc c:/siliconlabs/simplicitystudio/v5/developer/toolchains/gnu_arm/10.2_2020q4/bin/../lib/gcc/arm-none-eabi/10.2.1/../../../../arm-none-eabi/lib/thumb/v7e-m+fp/softfp\libc_nano.a(lib_a-findfp.o)
                0x00004530                _cleanup_r
 .text.__sfmoreglue
                0x0000453c       0x2c c:/siliconlabs/simplicitystudio/v5/developer/toolchains/gnu_arm/10.2_2020q4/bin/../lib/gcc/arm-none-eabi/10.2.1/../../../../arm-none-eabi/lib/thumb/v7e-m+fp/softfp\libc_nano.a(lib_a-findfp.o)
                0x0000453c                __sfmoreglue
 .text.__sfp_lock_acquire
                0x00004568        0xc c:/siliconlabs/simplicitystudio/v5/developer/toolchains/gnu_arm/10.2_2020q4/bin/../lib/gcc/arm-none-eabi/10.2.1/../../../../arm-none-eabi/lib/thumb/v7e-m+fp/softfp\libc_nano.a(lib_a-findfp.o)
                0x00004568                __sfp_lock_acquire
 .text.__sfp_lock_release
                0x00004574        0xc c:/siliconlabs/simplicitystudio/v5/developer/toolchains/gnu_arm/10.2_2020q4/bin/../lib/gcc/arm-none-eabi/10.2.1/../../../../arm-none-eabi/lib/thumb/v7e-m+fp/softfp\libc_nano.a(lib_a-findfp.o)
                0x00004574                __sfp_lock_release
 .text.__sinit_lock_acquire
                0x00004580        0xc c:/siliconlabs/simplicitystudio/v5/developer/toolchains/gnu_arm/10.2_2020q4/bin/../lib/gcc/arm-none-eabi/10.2.1/../../../../arm-none-eabi/lib/thumb/v7e-m+fp/softfp\libc_nano.a(lib_a-findfp.o)
                0x00004580                __sinit_lock_acquire
 .text.__sinit_lock_release
                0x0000458c        0xc c:/siliconlabs/simplicitystudio/v5/developer/toolchains/gnu_arm/10.2_2020q4/bin/../lib/gcc/arm-none-eabi/10.2.1/../../../../arm-none-eabi/lib/thumb/v7e-m+fp/softfp\libc_nano.a(lib_a-findfp.o)
                0x0000458c                __sinit_lock_release
 .text.__sinit  0x00004598       0x70 c:/siliconlabs/simplicitystudio/v5/developer/toolchains/gnu_arm/10.2_2020q4/bin/../lib/gcc/arm-none-eabi/10.2.1/../../../../arm-none-eabi/lib/thumb/v7e-m+fp/softfp\libc_nano.a(lib_a-findfp.o)
                0x00004598                __sinit
 .text.__sfp    0x00004608       0x8c c:/siliconlabs/simplicitystudio/v5/developer/toolchains/gnu_arm/10.2_2020q4/bin/../lib/gcc/arm-none-eabi/10.2.1/../../../../arm-none-eabi/lib/thumb/v7e-m+fp/softfp\libc_nano.a(lib_a-findfp.o)
                0x00004608                __sfp
 .text._fwalk_reent
                0x00004694       0x3e c:/siliconlabs/simplicitystudio/v5/developer/toolchains/gnu_arm/10.2_2020q4/bin/../lib/gcc/arm-none-eabi/10.2.1/../../../../arm-none-eabi/lib/thumb/v7e-m+fp/softfp\libc_nano.a(lib_a-fwalk.o)
                0x00004694                _fwalk_reent
 .text.__retarget_lock_init_recursive
                0x000046d2        0x2 c:/siliconlabs/simplicitystudio/v5/developer/toolchains/gnu_arm/10.2_2020q4/bin/../lib/gcc/arm-none-eabi/10.2.1/../../../../arm-none-eabi/lib/thumb/v7e-m+fp/softfp\libc_nano.a(lib_a-lock.o)
                0x000046d2                __retarget_lock_init_recursive
 .text.__retarget_lock_acquire_recursive
                0x000046d4        0x2 c:/siliconlabs/simplicitystudio/v5/developer/toolchains/gnu_arm/10.2_2020q4/bin/../lib/gcc/arm-none-eabi/10.2.1/../../../../arm-none-eabi/lib/thumb/v7e-m+fp/softfp\libc_nano.a(lib_a-lock.o)
                0x000046d4                __retarget_lock_acquire_recursive
 .text.__retarget_lock_release_recursive
                0x000046d6        0x2 c:/siliconlabs/simplicitystudio/v5/developer/toolchains/gnu_arm/10.2_2020q4/bin/../lib/gcc/arm-none-eabi/10.2.1/../../../../arm-none-eabi/lib/thumb/v7e-m+fp/softfp\libc_nano.a(lib_a-lock.o)
                0x000046d6                __retarget_lock_release_recursive
 .text.__swhatbuf_r
                0x000046d8       0x4a c:/siliconlabs/simplicitystudio/v5/developer/toolchains/gnu_arm/10.2_2020q4/bin/../lib/gcc/arm-none-eabi/10.2.1/../../../../arm-none-eabi/lib/thumb/v7e-m+fp/softfp\libc_nano.a(lib_a-makebuf.o)
                0x000046d8                __swhatbuf_r
 *fill*         0x00004722        0x2 
 .text.__smakebuf_r
                0x00004724       0x80 c:/siliconlabs/simplicitystudio/v5/developer/toolchains/gnu_arm/10.2_2020q4/bin/../lib/gcc/arm-none-eabi/10.2.1/../../../../arm-none-eabi/lib/thumb/v7e-m+fp/softfp\libc_nano.a(lib_a-makebuf.o)
                0x00004724                __smakebuf_r
 .text.malloc   0x000047a4       0x10 c:/siliconlabs/simplicitystudio/v5/developer/toolchains/gnu_arm/10.2_2020q4/bin/../lib/gcc/arm-none-eabi/10.2.1/../../../../arm-none-eabi/lib/thumb/v7e-m+fp/softfp\libc_nano.a(lib_a-malloc.o)
                0x000047a4                malloc
 .text._free_r  0x000047b4       0x98 c:/siliconlabs/simplicitystudio/v5/developer/toolchains/gnu_arm/10.2_2020q4/bin/../lib/gcc/arm-none-eabi/10.2.1/../../../../arm-none-eabi/lib/thumb/v7e-m+fp/softfp\libc_nano.a(lib_a-nano-freer.o)
                0x000047b4                _free_r
 .text._malloc_r
                0x0000484c       0xb4 c:/siliconlabs/simplicitystudio/v5/developer/toolchains/gnu_arm/10.2_2020q4/bin/../lib/gcc/arm-none-eabi/10.2.1/../../../../arm-none-eabi/lib/thumb/v7e-m+fp/softfp\libc_nano.a(lib_a-nano-mallocr.o)
                0x0000484c                _malloc_r
 .text.__sfputc_r
                0x00004900       0x2e c:/siliconlabs/simplicitystudio/v5/developer/toolchains/gnu_arm/10.2_2020q4/bin/../lib/gcc/arm-none-eabi/10.2.1/../../../../arm-none-eabi/lib/thumb/v7e-m+fp/softfp\libc_nano.a(lib_a-nano-vfprintf.o)
 .text.__sfputs_r
                0x0000492e       0x24 c:/siliconlabs/simplicitystudio/v5/developer/toolchains/gnu_arm/10.2_2020q4/bin/../lib/gcc/arm-none-eabi/10.2.1/../../../../arm-none-eabi/lib/thumb/v7e-m+fp/softfp\libc_nano.a(lib_a-nano-vfprintf.o)
                0x0000492e                __sfputs_r
 *fill*         0x00004952        0x2 
 .text._vfprintf_r
                0x00004954      0x260 c:/siliconlabs/simplicitystudio/v5/developer/toolchains/gnu_arm/10.2_2020q4/bin/../lib/gcc/arm-none-eabi/10.2.1/../../../../arm-none-eabi/lib/thumb/v7e-m+fp/softfp\libc_nano.a(lib_a-nano-vfprintf.o)
                0x00004954                _vfprintf_r
                0x00004954                _vfiprintf_r
 .text._printf_common
                0x00004bb4       0xda c:/siliconlabs/simplicitystudio/v5/developer/toolchains/gnu_arm/10.2_2020q4/bin/../lib/gcc/arm-none-eabi/10.2.1/../../../../arm-none-eabi/lib/thumb/v7e-m+fp/softfp\libc_nano.a(lib_a-nano-vfprintf_i.o)
                0x00004bb4                _printf_common
 *fill*         0x00004c8e        0x2 
 .text._printf_i
                0x00004c90      0x24c c:/siliconlabs/simplicitystudio/v5/developer/toolchains/gnu_arm/10.2_2020q4/bin/../lib/gcc/arm-none-eabi/10.2.1/../../../../arm-none-eabi/lib/thumb/v7e-m+fp/softfp\libc_nano.a(lib_a-nano-vfprintf_i.o)
                0x00004c90                _printf_i
 .text._sbrk_r  0x00004edc       0x20 c:/siliconlabs/simplicitystudio/v5/developer/toolchains/gnu_arm/10.2_2020q4/bin/../lib/gcc/arm-none-eabi/10.2.1/../../../../arm-none-eabi/lib/thumb/v7e-m+fp/softfp\libc_nano.a(lib_a-sbrkr.o)
                0x00004edc                _sbrk_r
 .text.__sread  0x00004efc       0x22 c:/siliconlabs/simplicitystudio/v5/developer/toolchains/gnu_arm/10.2_2020q4/bin/../lib/gcc/arm-none-eabi/10.2.1/../../../../arm-none-eabi/lib/thumb/v7e-m+fp/softfp\libc_nano.a(lib_a-stdio.o)
                0x00004efc                __sread
 .text.__swrite
                0x00004f1e       0x38 c:/siliconlabs/simplicitystudio/v5/developer/toolchains/gnu_arm/10.2_2020q4/bin/../lib/gcc/arm-none-eabi/10.2.1/../../../../arm-none-eabi/lib/thumb/v7e-m+fp/softfp\libc_nano.a(lib_a-stdio.o)
                0x00004f1e                __swrite
 .text.__sseek  0x00004f56       0x24 c:/siliconlabs/simplicitystudio/v5/developer/toolchains/gnu_arm/10.2_2020q4/bin/../lib/gcc/arm-none-eabi/10.2.1/../../../../arm-none-eabi/lib/thumb/v7e-m+fp/softfp\libc_nano.a(lib_a-stdio.o)
                0x00004f56                __sseek
 .text.__sclose
                0x00004f7a        0x8 c:/siliconlabs/simplicitystudio/v5/developer/toolchains/gnu_arm/10.2_2020q4/bin/../lib/gcc/arm-none-eabi/10.2.1/../../../../arm-none-eabi/lib/thumb/v7e-m+fp/softfp\libc_nano.a(lib_a-stdio.o)
                0x00004f7a                __sclose
 *fill*         0x00004f82        0x2 
 .text.__swbuf_r
                0x00004f84       0xa4 c:/siliconlabs/simplicitystudio/v5/developer/toolchains/gnu_arm/10.2_2020q4/bin/../lib/gcc/arm-none-eabi/10.2.1/../../../../arm-none-eabi/lib/thumb/v7e-m+fp/softfp\libc_nano.a(lib_a-wbuf.o)
                0x00004f84                __swbuf_r
 .text._write_r
                0x00005028       0x24 c:/siliconlabs/simplicitystudio/v5/developer/toolchains/gnu_arm/10.2_2020q4/bin/../lib/gcc/arm-none-eabi/10.2.1/../../../../arm-none-eabi/lib/thumb/v7e-m+fp/softfp\libc_nano.a(lib_a-writer.o)
                0x00005028                _write_r
 .text.__swsetup_r
                0x0000504c       0xdc c:/siliconlabs/simplicitystudio/v5/developer/toolchains/gnu_arm/10.2_2020q4/bin/../lib/gcc/arm-none-eabi/10.2.1/../../../../arm-none-eabi/lib/thumb/v7e-m+fp/softfp\libc_nano.a(lib_a-wsetup.o)
                0x0000504c                __swsetup_r
 .text._close_r
                0x00005128       0x20 c:/siliconlabs/simplicitystudio/v5/developer/toolchains/gnu_arm/10.2_2020q4/bin/../lib/gcc/arm-none-eabi/10.2.1/../../../../arm-none-eabi/lib/thumb/v7e-m+fp/softfp\libc_nano.a(lib_a-closer.o)
                0x00005128                _close_r
 .text._fstat_r
                0x00005148       0x24 c:/siliconlabs/simplicitystudio/v5/developer/toolchains/gnu_arm/10.2_2020q4/bin/../lib/gcc/arm-none-eabi/10.2.1/../../../../arm-none-eabi/lib/thumb/v7e-m+fp/softfp\libc_nano.a(lib_a-fstatr.o)
                0x00005148                _fstat_r
 .text._isatty_r
                0x0000516c       0x20 c:/siliconlabs/simplicitystudio/v5/developer/toolchains/gnu_arm/10.2_2020q4/bin/../lib/gcc/arm-none-eabi/10.2.1/../../../../arm-none-eabi/lib/thumb/v7e-m+fp/softfp\libc_nano.a(lib_a-isattyr.o)
                0x0000516c                _isatty_r
 .text._lseek_r
                0x0000518c       0x24 c:/siliconlabs/simplicitystudio/v5/developer/toolchains/gnu_arm/10.2_2020q4/bin/../lib/gcc/arm-none-eabi/10.2.1/../../../../arm-none-eabi/lib/thumb/v7e-m+fp/softfp\libc_nano.a(lib_a-lseekr.o)
                0x0000518c                _lseek_r
 .text          0x000051b0       0xa0 c:/siliconlabs/simplicitystudio/v5/developer/toolchains/gnu_arm/10.2_2020q4/bin/../lib/gcc/arm-none-eabi/10.2.1/../../../../arm-none-eabi/lib/thumb/v7e-m+fp/softfp\libc_nano.a(lib_a-memchr.o)
                0x000051b0                memchr
 .text.__malloc_lock
                0x00005250        0xc c:/siliconlabs/simplicitystudio/v5/developer/toolchains/gnu_arm/10.2_2020q4/bin/../lib/gcc/arm-none-eabi/10.2.1/../../../../arm-none-eabi/lib/thumb/v7e-m+fp/softfp\libc_nano.a(lib_a-mlock.o)
                0x00005250                __malloc_lock
 .text.__malloc_unlock
                0x0000525c        0xc c:/siliconlabs/simplicitystudio/v5/developer/toolchains/gnu_arm/10.2_2020q4/bin/../lib/gcc/arm-none-eabi/10.2.1/../../../../arm-none-eabi/lib/thumb/v7e-m+fp/softfp\libc_nano.a(lib_a-mlock.o)
                0x0000525c                __malloc_unlock
 .text._read_r  0x00005268       0x24 c:/siliconlabs/simplicitystudio/v5/developer/toolchains/gnu_arm/10.2_2020q4/bin/../lib/gcc/arm-none-eabi/10.2.1/../../../../arm-none-eabi/lib/thumb/v7e-m+fp/softfp\libc_nano.a(lib_a-readr.o)
                0x00005268                _read_r
                0x0000528c                linker_code_end = .
 *(.init)
 .init          0x0000528c        0x4 c:/siliconlabs/simplicitystudio/v5/developer/toolchains/gnu_arm/10.2_2020q4/bin/../lib/gcc/arm-none-eabi/10.2.1/thumb/v7e-m+fp/softfp/crti.o
                0x0000528c                _init
 .init          0x00005290        0x8 c:/siliconlabs/simplicitystudio/v5/developer/toolchains/gnu_arm/10.2_2020q4/bin/../lib/gcc/arm-none-eabi/10.2.1/thumb/v7e-m+fp/softfp/crtn.o
 *(.fini)
 .fini          0x00005298        0x4 c:/siliconlabs/simplicitystudio/v5/developer/toolchains/gnu_arm/10.2_2020q4/bin/../lib/gcc/arm-none-eabi/10.2.1/thumb/v7e-m+fp/softfp/crti.o
                0x00005298                _fini
 .fini          0x0000529c        0x8 c:/siliconlabs/simplicitystudio/v5/developer/toolchains/gnu_arm/10.2_2020q4/bin/../lib/gcc/arm-none-eabi/10.2.1/thumb/v7e-m+fp/softfp/crtn.o
 *crtbegin.o(.ctors)
 *crtbegin?.o(.ctors)
 *(EXCLUDE_FILE(*crtend.o *crtend?.o) .ctors)
 *(SORT_BY_NAME(.ctors.*))
 *(.ctors)
 *crtbegin.o(.dtors)
 *crtbegin?.o(.dtors)
 *(EXCLUDE_FILE(*crtend.o *crtend?.o) .dtors)
 *(SORT_BY_NAME(.dtors.*))
 *(.dtors)
 *(.rodata*)
 .rodata.SI7021_measure.constprop.0.str1.1
                0x000052a4        0xc ./i2cspm.o
 .rodata.set_leds.str1.1
                0x000052b0       0x26 ./i2cspm.o
 .rodata.i2cspm_app_init.str1.1
                0x000052d6       0x2c ./i2cspm.o
 .rodata.i2cspm_app_process_action.str1.1
                0x00005302        0xc ./i2cspm.o
 .rodata.sl_iostream_usart_init_vcom.str1.1
                0x0000530e       0x2e ./autogen/sl_iostream_init_usart_instances.o
 .rodata        0x0000533c       0x40 ./autogen/sl_iostream_init_usart_instances.o
 .rodata.sl_led_led0
                0x0000537c       0x18 ./autogen/sl_simple_led_instances.o
                0x0000537c                sl_led_led0
 .rodata.sl_led_led1
                0x00005394       0x18 ./autogen/sl_simple_led_instances.o
                0x00005394                sl_led_led1
 .rodata        0x000053ac       0x18 ./gecko_sdk_3.2.2/hardware/driver/mx25_flash_shutdown/src/sl_mx25_flash_shutdown_usart/sl_mx25_flash_shutdown.o
 .rodata.I2CSPM_Init.str1.1
                0x000053c4       0xd2 ./gecko_sdk_3.2.2/platform/driver/i2cspm/src/sl_i2cspm.o
 .rodata.GPIO_PinOutClear.str1.1
                0x00005496       0x64 ./gecko_sdk_3.2.2/platform/driver/leddrv/src/sl_simple_led.o
 .rodata.flashWaitStateControl.str1.1
                0x00005496       0x63 ./gecko_sdk_3.2.2/platform/emlib/src/em_cmu.o
 .rodata.SL_Log2ToDiv.str1.1
                0x000054f9       0x66 ./gecko_sdk_3.2.2/platform/emlib/src/em_cmu.o
 .rodata.CSWTCH.46
                0x0000555f        0x6 ./gecko_sdk_3.2.2/platform/emlib/src/em_cmu.o
 .rodata.CSWTCH.47
                0x00005565        0x4 ./gecko_sdk_3.2.2/platform/emlib/src/em_cmu.o
 .rodata.CSWTCH.48
                0x00005569        0x4 ./gecko_sdk_3.2.2/platform/emlib/src/em_cmu.o
 .rodata.CSWTCH.67
                0x0000556d        0x5 ./gecko_sdk_3.2.2/platform/emlib/src/em_cmu.o
 .rodata.CSWTCH.68
                0x00005572        0x5 ./gecko_sdk_3.2.2/platform/emlib/src/em_cmu.o
 *fill*         0x00005577        0x1 
 .rodata.CSWTCH.69
                0x00005578        0xa ./gecko_sdk_3.2.2/platform/emlib/src/em_cmu.o
 .rodata.CSWTCH.70
                0x00005582        0xa ./gecko_sdk_3.2.2/platform/emlib/src/em_cmu.o
 .rodata.flashWsTable
                0x0000558c       0x28 ./gecko_sdk_3.2.2/platform/emlib/src/em_cmu.o
 .rodata.lpGetDevinfoVrefLowHigh.str1.1
                0x000055b4       0x63 ./gecko_sdk_3.2.2/platform/emlib/src/em_emu.o
 .rodata.GPIO_PinOutSet.str1.1
                0x00005617       0x64 ./gecko_sdk_3.2.2/platform/emlib/src/em_gpio.o
 .rodata.GPIO_DbgLocationSet.str1.1
                0x00005617       0x64 ./gecko_sdk_3.2.2/platform/emlib/src/em_gpio.o
 .rodata.I2C_BusFreqGet.str1.1
                0x0000567b       0x63 ./gecko_sdk_3.2.2/platform/emlib/src/em_i2c.o
 *fill*         0x000056de        0x2 
 .rodata.CSWTCH.11
                0x000056e0        0xc ./gecko_sdk_3.2.2/platform/emlib/src/em_i2c.o
 .rodata.CSWTCH.12
                0x000056ec        0xc ./gecko_sdk_3.2.2/platform/emlib/src/em_i2c.o
 .rodata.i2cNSum
                0x000056f8        0x4 ./gecko_sdk_3.2.2/platform/emlib/src/em_i2c.o
 .rodata.RTCC_ChannelInit.str1.1
                0x000056fc       0x64 ./gecko_sdk_3.2.2/platform/emlib/src/em_rtcc.o
 .rodata.USART_BaudrateAsyncSet.str1.1
                0x00005760       0x65 ./gecko_sdk_3.2.2/platform/emlib/src/em_usart.o
 *fill*         0x000057c5        0x1 
 .rodata        0x000057c6       0x10 ./gecko_sdk_3.2.2/platform/service/device_init/src/sl_device_init_dcdc_s1.o
 .rodata        0x000057d6       0x12 ./gecko_sdk_3.2.2/platform/service/device_init/src/sl_device_init_hfxo_s1.o
 .rodata        0x000057e8        0x4 ./gecko_sdk_3.2.2/platform/service/device_init/src/sl_device_init_lfxo_s1.o
 .rodata._write.str1.1
                0x000057ec       0x82 ./gecko_sdk_3.2.2/platform/service/iostream/src/sl_iostream_retarget_stdio.o
 .rodata.sli_uart_push_rxd_data.str1.1
                0x0000586e       0x78 ./gecko_sdk_3.2.2/platform/service/iostream/src/sl_iostream_uart.o
 .rodata        0x000058e6       0x10 ./gecko_sdk_3.2.2/platform/service/sleeptimer/src/sl_sleeptimer_hal_rtcc.o
 *fill*         0x000058f6        0x2 
 .rodata._global_impure_ptr
                0x000058f8        0x4 c:/siliconlabs/simplicitystudio/v5/developer/toolchains/gnu_arm/10.2_2020q4/bin/../lib/gcc/arm-none-eabi/10.2.1/../../../../arm-none-eabi/lib/thumb/v7e-m+fp/softfp\libc_nano.a(lib_a-impure.o)
                0x000058f8                _global_impure_ptr
 .rodata.__sf_fake_stderr
                0x000058fc       0x20 c:/siliconlabs/simplicitystudio/v5/developer/toolchains/gnu_arm/10.2_2020q4/bin/../lib/gcc/arm-none-eabi/10.2.1/../../../../arm-none-eabi/lib/thumb/v7e-m+fp/softfp\libc_nano.a(lib_a-findfp.o)
                0x000058fc                __sf_fake_stderr
 .rodata.__sf_fake_stdin
                0x0000591c       0x20 c:/siliconlabs/simplicitystudio/v5/developer/toolchains/gnu_arm/10.2_2020q4/bin/../lib/gcc/arm-none-eabi/10.2.1/../../../../arm-none-eabi/lib/thumb/v7e-m+fp/softfp\libc_nano.a(lib_a-findfp.o)
                0x0000591c                __sf_fake_stdin
 .rodata.__sf_fake_stdout
                0x0000593c       0x20 c:/siliconlabs/simplicitystudio/v5/developer/toolchains/gnu_arm/10.2_2020q4/bin/../lib/gcc/arm-none-eabi/10.2.1/../../../../arm-none-eabi/lib/thumb/v7e-m+fp/softfp\libc_nano.a(lib_a-findfp.o)
                0x0000593c                __sf_fake_stdout
 .rodata._vfprintf_r.str1.1
                0x0000595c       0x11 c:/siliconlabs/simplicitystudio/v5/developer/toolchains/gnu_arm/10.2_2020q4/bin/../lib/gcc/arm-none-eabi/10.2.1/../../../../arm-none-eabi/lib/thumb/v7e-m+fp/softfp\libc_nano.a(lib_a-nano-vfprintf.o)
 .rodata._printf_i.str1.1
                0x0000596d       0x22 c:/siliconlabs/simplicitystudio/v5/developer/toolchains/gnu_arm/10.2_2020q4/bin/../lib/gcc/arm-none-eabi/10.2.1/../../../../arm-none-eabi/lib/thumb/v7e-m+fp/softfp\libc_nano.a(lib_a-nano-vfprintf_i.o)
 *(.eh_frame*)
 *fill*         0x0000598f        0x1 
 .eh_frame      0x00005990        0x0 c:/siliconlabs/simplicitystudio/v5/developer/toolchains/gnu_arm/10.2_2020q4/bin/../lib/gcc/arm-none-eabi/10.2.1/thumb/v7e-m+fp/softfp/crtbegin.o

.glue_7         0x00005990        0x0
 .glue_7        0x00005990        0x0 linker stubs

.glue_7t        0x00005990        0x0
 .glue_7t       0x00005990        0x0 linker stubs

.vfp11_veneer   0x00005990        0x0
 .vfp11_veneer  0x00005990        0x0 linker stubs

.v4_bx          0x00005990        0x0
 .v4_bx         0x00005990        0x0 linker stubs

.iplt           0x00005990        0x0
 .iplt          0x00005990        0x0 c:/siliconlabs/simplicitystudio/v5/developer/toolchains/gnu_arm/10.2_2020q4/bin/../lib/gcc/arm-none-eabi/10.2.1/thumb/v7e-m+fp/softfp/crtbegin.o

.ARM.extab
 *(.ARM.extab* .gnu.linkonce.armextab.*)
                0x00005990                __exidx_start = .

.ARM.exidx      0x00005990        0x8
 *(.ARM.exidx* .gnu.linkonce.armexidx.*)
 .ARM.exidx     0x00005990        0x8 c:/siliconlabs/simplicitystudio/v5/developer/toolchains/gnu_arm/10.2_2020q4/bin/../lib/gcc/arm-none-eabi/10.2.1/../../../../arm-none-eabi/lib/thumb/v7e-m+fp/softfp/crt0.o
                                 0x10 (size before relaxing)
 .ARM.exidx     0x00005998        0x0 c:/siliconlabs/simplicitystudio/v5/developer/toolchains/gnu_arm/10.2_2020q4/bin/../lib/gcc/arm-none-eabi/10.2.1/thumb/v7e-m+fp/softfp\libgcc.a(_udivmoddi4.o)
                                  0x8 (size before relaxing)
                0x00005998                __exidx_end = .
                0x00005998                __etext = .

.rel.dyn        0x00005998        0x0
 .rel.iplt      0x00005998        0x0 c:/siliconlabs/simplicitystudio/v5/developer/toolchains/gnu_arm/10.2_2020q4/bin/../lib/gcc/arm-none-eabi/10.2.1/thumb/v7e-m+fp/softfp/crtbegin.o
                0x20000000                . = ORIGIN (RAM)

.stack          0x20000000     0x1000
                0x20000000                __StackLimit = .
 *(.stack*)
 .stack         0x20000000        0x0 ./gecko_sdk_3.2.2/platform/Device/SiliconLabs/EFR32MG12P/Source/GCC/startup_efr32mg12p.o
 .stack         0x20000000     0x1000 ./gecko_sdk_3.2.2/platform/common/toolchain/src/sl_memory.o
                0x20001000                . = ALIGN (0x4)
                0x20001000                __StackTop = .
                0x20001000                PROVIDE (__stack = __StackTop)

.noinit
 *(.noinit*)

.data           0x20001000       0xac load address 0x00005998
                0x20001000                . = ALIGN (0x4)
                0x20001000                __data_start__ = .
 *(vtable)
 *(.data*)
 .data.init_sensor
                0x20001000       0x18 ./autogen/sl_i2cspm_init.o
                0x20001000                init_sensor
 .data.sl_i2cspm_sensor
                0x20001018        0x4 ./autogen/sl_i2cspm_init.o
                0x20001018                sl_i2cspm_sensor
 .data.simple_led0_context
                0x2000101c        0x3 ./autogen/sl_simple_led_instances.o
                0x2000101c                simple_led0_context
 .data.simple_led1_context
                0x2000101f        0x3 ./autogen/sl_simple_led_instances.o
                0x2000101f                simple_led1_context
 *fill*         0x20001022        0x2 
 .data.SystemCoreClock
                0x20001024        0x4 ./gecko_sdk_3.2.2/platform/Device/SiliconLabs/EFR32MG12P/Source/system_efr32mg12p.o
                0x20001024                SystemCoreClock
 .data.SystemHFXOClock
                0x20001028        0x4 ./gecko_sdk_3.2.2/platform/Device/SiliconLabs/EFR32MG12P/Source/system_efr32mg12p.o
 .data.SystemHfrcoFreq
                0x2000102c        0x4 ./gecko_sdk_3.2.2/platform/Device/SiliconLabs/EFR32MG12P/Source/system_efr32mg12p.o
                0x2000102c                SystemHfrcoFreq
 .data.SystemLFXOClock
                0x20001030        0x4 ./gecko_sdk_3.2.2/platform/Device/SiliconLabs/EFR32MG12P/Source/system_efr32mg12p.o
 .data.heap_end.0
                0x20001034        0x4 ./gecko_sdk_3.2.2/platform/common/toolchain/src/sl_memory.o
 .data.auxHfrcoFreq
                0x20001038        0x4 ./gecko_sdk_3.2.2/platform/emlib/src/em_cmu.o
 .data.lfxo_precision
                0x2000103c        0x2 ./gecko_sdk_3.2.2/platform/emlib/src/em_cmu.o
 .data.cc_disabled
                0x2000103e        0x1 ./gecko_sdk_3.2.2/platform/service/sleeptimer/src/sl_sleeptimer_hal_rtcc.o
 *fill*         0x2000103f        0x1 
 .data._impure_ptr
                0x20001040        0x4 c:/siliconlabs/simplicitystudio/v5/developer/toolchains/gnu_arm/10.2_2020q4/bin/../lib/gcc/arm-none-eabi/10.2.1/../../../../arm-none-eabi/lib/thumb/v7e-m+fp/softfp\libc_nano.a(lib_a-impure.o)
                0x20001040                _impure_ptr
 .data.impure_data
                0x20001044       0x60 c:/siliconlabs/simplicitystudio/v5/developer/toolchains/gnu_arm/10.2_2020q4/bin/../lib/gcc/arm-none-eabi/10.2.1/../../../../arm-none-eabi/lib/thumb/v7e-m+fp/softfp\libc_nano.a(lib_a-impure.o)
                0x200010a4                . = ALIGN (0x4)
                [!provide]                PROVIDE (__ram_func_section_start = .)
 *(.ram)
                [!provide]                PROVIDE (__ram_func_section_end = .)
                0x200010a4                . = ALIGN (0x4)
                0x200010a4                PROVIDE (__preinit_array_start = .)
 *(.preinit_array)
                0x200010a4                PROVIDE (__preinit_array_end = .)
                0x200010a4                . = ALIGN (0x4)
                0x200010a4                PROVIDE (__init_array_start = .)
 *(SORT_BY_NAME(.init_array.*))
 *(.init_array)
 .init_array    0x200010a4        0x4 c:/siliconlabs/simplicitystudio/v5/developer/toolchains/gnu_arm/10.2_2020q4/bin/../lib/gcc/arm-none-eabi/10.2.1/thumb/v7e-m+fp/softfp/crtbegin.o
                0x200010a8                PROVIDE (__init_array_end = .)
                0x200010a8                . = ALIGN (0x4)
                [!provide]                PROVIDE (__fini_array_start = .)
 *(SORT_BY_NAME(.fini_array.*))
 *(.fini_array)
 .fini_array    0x200010a8        0x4 c:/siliconlabs/simplicitystudio/v5/developer/toolchains/gnu_arm/10.2_2020q4/bin/../lib/gcc/arm-none-eabi/10.2.1/thumb/v7e-m+fp/softfp/crtbegin.o
                [!provide]                PROVIDE (__fini_array_end = .)
                0x200010ac                . = ALIGN (0x4)
                0x200010ac                __data_end__ = .

.igot.plt       0x200010ac        0x0 load address 0x00005a44
 .igot.plt      0x200010ac        0x0 c:/siliconlabs/simplicitystudio/v5/developer/toolchains/gnu_arm/10.2_2020q4/bin/../lib/gcc/arm-none-eabi/10.2.1/thumb/v7e-m+fp/softfp/crtbegin.o

.bss            0x200010ac      0x10c load address 0x00005a44
                0x200010ac                . = ALIGN (0x4)
                0x200010ac                __bss_start__ = .
 *(.bss*)
 .bss           0x200010ac       0x1c c:/siliconlabs/simplicitystudio/v5/developer/toolchains/gnu_arm/10.2_2020q4/bin/../lib/gcc/arm-none-eabi/10.2.1/thumb/v7e-m+fp/softfp/crtbegin.o
 .bss.delay_timer
                0x200010c8       0x18 ./i2cspm.o
 .bss.high_limit
                0x200010e0        0x4 ./i2cspm.o
 .bss.low_limit
                0x200010e4        0x4 ./i2cspm.o
 .bss.read_sensor_data
                0x200010e8        0x1 ./i2cspm.o
 *fill*         0x200010e9        0x3 
 .bss.relative_humidity
                0x200010ec        0x4 ./i2cspm.o
 .bss.start_temperature
                0x200010f0        0x4 ./i2cspm.o
 .bss.temperature
                0x200010f4        0x4 ./i2cspm.o
 .bss.context_vcom
                0x200010f8       0x38 ./autogen/sl_iostream_init_usart_instances.o
 .bss.rx_buffer_vcom
                0x20001130       0x20 ./autogen/sl_iostream_init_usart_instances.o
 .bss.sl_iostream_vcom
                0x20001150       0x18 ./autogen/sl_iostream_init_usart_instances.o
 .bss.dcdcEm01LoadCurrent_mA
                0x20001168        0x2 ./gecko_sdk_3.2.2/platform/emlib/src/em_emu.o
 .bss.dcdcMaxCurrent_mA
                0x2000116a        0x2 ./gecko_sdk_3.2.2/platform/emlib/src/em_emu.o
 .bss.dcdcReverseCurrentControl
                0x2000116c        0x2 ./gecko_sdk_3.2.2/platform/emlib/src/em_emu.o
 .bss.vScaleEM01Config
                0x2000116e        0x1 ./gecko_sdk_3.2.2/platform/emlib/src/em_emu.o
 *fill*         0x2000116f        0x1 
 .bss.i2cTransfer
                0x20001170       0x18 ./gecko_sdk_3.2.2/platform/emlib/src/em_i2c.o
 .bss.sli_iostream_default
                0x20001188        0x4 ./gecko_sdk_3.2.2/platform/service/iostream/src/sl_iostream.o
 .bss.is_sleeptimer_initialized
                0x2000118c        0x1 ./gecko_sdk_3.2.2/platform/service/sleeptimer/src/sl_sleeptimer.o
 *fill*         0x2000118d        0x3 
 .bss.last_delta_update_count
                0x20001190        0x4 ./gecko_sdk_3.2.2/platform/service/sleeptimer/src/sl_sleeptimer.o
 .bss.max_millisecond_conversion
                0x20001194        0x4 ./gecko_sdk_3.2.2/platform/service/sleeptimer/src/sl_sleeptimer.o
 .bss.next_timer_to_expire_is_power_manager
                0x20001198        0x1 ./gecko_sdk_3.2.2/platform/service/sleeptimer/src/sl_sleeptimer.o
 *fill*         0x20001199        0x1 
 .bss.overflow_counter
                0x2000119a        0x2 ./gecko_sdk_3.2.2/platform/service/sleeptimer/src/sl_sleeptimer.o
 .bss.sleep_on_isr_exit
                0x2000119c        0x1 ./gecko_sdk_3.2.2/platform/service/sleeptimer/src/sl_sleeptimer.o
 *fill*         0x2000119d        0x3 
 .bss.timer_frequency
                0x200011a0        0x4 ./gecko_sdk_3.2.2/platform/service/sleeptimer/src/sl_sleeptimer.o
 .bss.timer_head
                0x200011a4        0x4 ./gecko_sdk_3.2.2/platform/service/sleeptimer/src/sl_sleeptimer.o
 .bss.__lock___malloc_recursive_mutex
                0x200011a8        0x1 c:/siliconlabs/simplicitystudio/v5/developer/toolchains/gnu_arm/10.2_2020q4/bin/../lib/gcc/arm-none-eabi/10.2.1/../../../../arm-none-eabi/lib/thumb/v7e-m+fp/softfp\libc_nano.a(lib_a-lock.o)
                0x200011a8                __lock___malloc_recursive_mutex
 .bss.__lock___sfp_recursive_mutex
                0x200011a9        0x1 c:/siliconlabs/simplicitystudio/v5/developer/toolchains/gnu_arm/10.2_2020q4/bin/../lib/gcc/arm-none-eabi/10.2.1/../../../../arm-none-eabi/lib/thumb/v7e-m+fp/softfp\libc_nano.a(lib_a-lock.o)
                0x200011a9                __lock___sfp_recursive_mutex
 .bss.__lock___sinit_recursive_mutex
                0x200011aa        0x1 c:/siliconlabs/simplicitystudio/v5/developer/toolchains/gnu_arm/10.2_2020q4/bin/../lib/gcc/arm-none-eabi/10.2.1/../../../../arm-none-eabi/lib/thumb/v7e-m+fp/softfp\libc_nano.a(lib_a-lock.o)
                0x200011aa                __lock___sinit_recursive_mutex
 *fill*         0x200011ab        0x1 
 .bss.__malloc_free_list
                0x200011ac        0x4 c:/siliconlabs/simplicitystudio/v5/developer/toolchains/gnu_arm/10.2_2020q4/bin/../lib/gcc/arm-none-eabi/10.2.1/../../../../arm-none-eabi/lib/thumb/v7e-m+fp/softfp\libc_nano.a(lib_a-nano-mallocr.o)
                0x200011ac                __malloc_free_list
 .bss.__malloc_sbrk_start
                0x200011b0        0x4 c:/siliconlabs/simplicitystudio/v5/developer/toolchains/gnu_arm/10.2_2020q4/bin/../lib/gcc/arm-none-eabi/10.2.1/../../../../arm-none-eabi/lib/thumb/v7e-m+fp/softfp\libc_nano.a(lib_a-nano-mallocr.o)
                0x200011b0                __malloc_sbrk_start
 .bss.errno     0x200011b4        0x4 c:/siliconlabs/simplicitystudio/v5/developer/toolchains/gnu_arm/10.2_2020q4/bin/../lib/gcc/arm-none-eabi/10.2.1/../../../../arm-none-eabi/lib/thumb/v7e-m+fp/softfp\libc_nano.a(lib_a-reent.o)
                0x200011b4                errno
 *(COMMON)
                0x200011b8                . = ALIGN (0x4)
                0x200011b8                __bss_end__ = .

.heap           0x200011b8    0x3ee48
                0x200011b8                __HeapBase = .
                0x200011b8                __end__ = .
                0x200011b8                end = __end__
                0x200011b8                _end = __end__
 *(.heap*)
 .heap          0x200011b8      0x800 ./gecko_sdk_3.2.2/platform/common/toolchain/src/sl_memory.o
                0x20040000                . = (ORIGIN (RAM) + LENGTH (RAM))
 *fill*         0x200019b8    0x3e648 
                0x20040000                __HeapLimit = .
                0x0003ee48                __heap_size = (__HeapLimit - __HeapBase)
                0x00100000                __main_flash_end__ = 0x100000

.internal_storage
                0x00005998        0x0
 *(.internal_storage*)

.nvm            0x00005998        0x0
 *(.simee*)
                0x00100000                linker_nvm_end = __main_flash_end__
                0x00100000                linker_nvm_begin = (linker_nvm_end - SIZEOF (.nvm))
                0x00000000                linker_nvm_size = SIZEOF (.nvm)
                0x00100000                linker_storage_end = linker_nvm_begin
                0x00100000                linker_storage_begin = (linker_storage_end - SIZEOF (.internal_storage))
                0x00000000                linker_storage_size = SIZEOF (.internal_storage)
                0x00100000                __nvm3Base = linker_nvm_begin
OUTPUT(Temperature_humidity.axf elf32-littlearm)
LOAD linker stubs

.ARM.attributes
                0x00000000       0x2e
 .ARM.attributes
                0x00000000       0x1e c:/siliconlabs/simplicitystudio/v5/developer/toolchains/gnu_arm/10.2_2020q4/bin/../lib/gcc/arm-none-eabi/10.2.1/thumb/v7e-m+fp/softfp/crti.o
 .ARM.attributes
                0x0000001e       0x32 c:/siliconlabs/simplicitystudio/v5/developer/toolchains/gnu_arm/10.2_2020q4/bin/../lib/gcc/arm-none-eabi/10.2.1/thumb/v7e-m+fp/softfp/crtbegin.o
 .ARM.attributes
                0x00000050       0x1c c:/siliconlabs/simplicitystudio/v5/developer/toolchains/gnu_arm/10.2_2020q4/bin/../lib/gcc/arm-none-eabi/10.2.1/../../../../arm-none-eabi/lib/thumb/v7e-m+fp/softfp/crt0.o
 .ARM.attributes
                0x0000006c       0x32 ./app.o
 .ARM.attributes
                0x0000009e       0x32 ./i2cspm.o
 .ARM.attributes
                0x000000d0       0x32 ./main.o
 .ARM.attributes
                0x00000102       0x32 ./autogen/sl_board_default_init.o
 .ARM.attributes
                0x00000134       0x32 ./autogen/sl_device_init_clocks.o
 .ARM.attributes
                0x00000166       0x32 ./autogen/sl_event_handler.o
 .ARM.attributes
                0x00000198       0x32 ./autogen/sl_i2cspm_init.o
 .ARM.attributes
                0x000001ca       0x32 ./autogen/sl_iostream_init_usart_instances.o
 .ARM.attributes
                0x000001fc       0x32 ./autogen/sl_simple_led_instances.o
 .ARM.attributes
                0x0000022e       0x32 ./gecko_sdk_3.2.2/hardware/board/src/sl_board_control_gpio.o
 .ARM.attributes
                0x00000260       0x32 ./gecko_sdk_3.2.2/hardware/board/src/sl_board_init.o
 .ARM.attributes
                0x00000292       0x32 ./gecko_sdk_3.2.2/hardware/driver/mx25_flash_shutdown/src/sl_mx25_flash_shutdown_usart/sl_mx25_flash_shutdown.o
 .ARM.attributes
                0x000002c4       0x32 ./gecko_sdk_3.2.2/platform/Device/SiliconLabs/EFR32MG12P/Source/GCC/startup_efr32mg12p.o
 .ARM.attributes
                0x000002f6       0x32 ./gecko_sdk_3.2.2/platform/Device/SiliconLabs/EFR32MG12P/Source/system_efr32mg12p.o
 .ARM.attributes
                0x00000328       0x32 ./gecko_sdk_3.2.2/platform/common/toolchain/src/sl_memory.o
 .ARM.attributes
                0x0000035a       0x32 ./gecko_sdk_3.2.2/platform/driver/i2cspm/src/sl_i2cspm.o
 .ARM.attributes
                0x0000038c       0x32 ./gecko_sdk_3.2.2/platform/driver/leddrv/src/sl_led.o
 .ARM.attributes
                0x000003be       0x32 ./gecko_sdk_3.2.2/platform/driver/leddrv/src/sl_simple_led.o
 .ARM.attributes
                0x000003f0       0x32 ./gecko_sdk_3.2.2/platform/emlib/src/em_assert.o
 .ARM.attributes
                0x00000422       0x32 ./gecko_sdk_3.2.2/platform/emlib/src/em_cmu.o
 .ARM.attributes
                0x00000454       0x32 ./gecko_sdk_3.2.2/platform/emlib/src/em_core.o
 .ARM.attributes
                0x00000486       0x32 ./gecko_sdk_3.2.2/platform/emlib/src/em_emu.o
 .ARM.attributes
                0x000004b8       0x32 ./gecko_sdk_3.2.2/platform/emlib/src/em_gpio.o
 .ARM.attributes
                0x000004ea       0x32 ./gecko_sdk_3.2.2/platform/emlib/src/em_i2c.o
 .ARM.attributes
                0x0000051c       0x32 ./gecko_sdk_3.2.2/platform/emlib/src/em_rtcc.o
 .ARM.attributes
                0x0000054e       0x32 ./gecko_sdk_3.2.2/platform/emlib/src/em_usart.o
 .ARM.attributes
                0x00000580       0x32 ./gecko_sdk_3.2.2/platform/service/device_init/src/sl_device_init_dcdc_s1.o
 .ARM.attributes
                0x000005b2       0x32 ./gecko_sdk_3.2.2/platform/service/device_init/src/sl_device_init_emu_s1.o
 .ARM.attributes
                0x000005e4       0x32 ./gecko_sdk_3.2.2/platform/service/device_init/src/sl_device_init_hfxo_s1.o
 .ARM.attributes
                0x00000616       0x32 ./gecko_sdk_3.2.2/platform/service/device_init/src/sl_device_init_lfxo_s1.o
 .ARM.attributes
                0x00000648       0x32 ./gecko_sdk_3.2.2/platform/service/device_init/src/sl_device_init_nvic.o
 .ARM.attributes
                0x0000067a       0x32 ./gecko_sdk_3.2.2/platform/service/iostream/src/sl_iostream.o
 .ARM.attributes
                0x000006ac       0x32 ./gecko_sdk_3.2.2/platform/service/iostream/src/sl_iostream_retarget_stdio.o
 .ARM.attributes
                0x000006de       0x32 ./gecko_sdk_3.2.2/platform/service/iostream/src/sl_iostream_stdlib_config.o
 .ARM.attributes
                0x00000710       0x32 ./gecko_sdk_3.2.2/platform/service/iostream/src/sl_iostream_uart.o
 .ARM.attributes
                0x00000742       0x32 ./gecko_sdk_3.2.2/platform/service/iostream/src/sl_iostream_usart.o
 .ARM.attributes
                0x00000774       0x32 ./gecko_sdk_3.2.2/platform/service/sleeptimer/src/sl_sleeptimer.o
 .ARM.attributes
                0x000007a6       0x32 ./gecko_sdk_3.2.2/platform/service/sleeptimer/src/sl_sleeptimer_hal_rtcc.o
 .ARM.attributes
                0x000007d8       0x32 ./gecko_sdk_3.2.2/platform/service/system/src/sl_system_init.o
 .ARM.attributes
                0x0000080a       0x32 ./gecko_sdk_3.2.2/platform/service/system/src/sl_system_process_action.o
 .ARM.attributes
                0x0000083c       0x32 ./gecko_sdk_3.2.2/platform/service/udelay/src/sl_udelay.o
 .ARM.attributes
                0x0000086e       0x20 ./gecko_sdk_3.2.2/platform/service/udelay/src/sl_udelay_armv6m_gcc.o
 .ARM.attributes
                0x0000088e       0x1e c:/siliconlabs/simplicitystudio/v5/developer/toolchains/gnu_arm/10.2_2020q4/bin/../lib/gcc/arm-none-eabi/10.2.1/thumb/v7e-m+fp/softfp\libgcc.a(_arm_muldf3.o)
 .ARM.attributes
                0x000008ac       0x1e c:/siliconlabs/simplicitystudio/v5/developer/toolchains/gnu_arm/10.2_2020q4/bin/../lib/gcc/arm-none-eabi/10.2.1/thumb/v7e-m+fp/softfp\libgcc.a(_arm_addsubdf3.o)
 .ARM.attributes
                0x000008ca       0x1e c:/siliconlabs/simplicitystudio/v5/developer/toolchains/gnu_arm/10.2_2020q4/bin/../lib/gcc/arm-none-eabi/10.2.1/thumb/v7e-m+fp/softfp\libgcc.a(_arm_fixunsdfsi.o)
 .ARM.attributes
                0x000008e8       0x1e c:/siliconlabs/simplicitystudio/v5/developer/toolchains/gnu_arm/10.2_2020q4/bin/../lib/gcc/arm-none-eabi/10.2.1/thumb/v7e-m+fp/softfp\libgcc.a(_arm_truncdfsf2.o)
 .ARM.attributes
                0x00000906       0x1e c:/siliconlabs/simplicitystudio/v5/developer/toolchains/gnu_arm/10.2_2020q4/bin/../lib/gcc/arm-none-eabi/10.2.1/thumb/v7e-m+fp/softfp\libgcc.a(_aeabi_uldivmod.o)
 .ARM.attributes
                0x00000924       0x32 c:/siliconlabs/simplicitystudio/v5/developer/toolchains/gnu_arm/10.2_2020q4/bin/../lib/gcc/arm-none-eabi/10.2.1/thumb/v7e-m+fp/softfp\libgcc.a(_udivmoddi4.o)
 .ARM.attributes
                0x00000956       0x1e c:/siliconlabs/simplicitystudio/v5/developer/toolchains/gnu_arm/10.2_2020q4/bin/../lib/gcc/arm-none-eabi/10.2.1/thumb/v7e-m+fp/softfp\libgcc.a(_dvmd_tls.o)
 .ARM.attributes
                0x00000974       0x32 c:/siliconlabs/simplicitystudio/v5/developer/toolchains/gnu_arm/10.2_2020q4/bin/../lib/gcc/arm-none-eabi/10.2.1/../../../../arm-none-eabi/lib/thumb/v7e-m+fp/softfp\libc_nano.a(lib_a-exit.o)
 .ARM.attributes
                0x000009a6       0x30 c:/siliconlabs/simplicitystudio/v5/developer/toolchains/gnu_arm/10.2_2020q4/bin/../lib/gcc/arm-none-eabi/10.2.1/../../../../arm-none-eabi/lib/thumb/v7e-m+fp/softfp\libc_nano.a(lib_a-impure.o)
 .ARM.attributes
                0x000009d6       0x32 c:/siliconlabs/simplicitystudio/v5/developer/toolchains/gnu_arm/10.2_2020q4/bin/../lib/gcc/arm-none-eabi/10.2.1/../../../../arm-none-eabi/lib/thumb/v7e-m+fp/softfp\libc_nano.a(lib_a-init.o)
 .ARM.attributes
                0x00000a08       0x32 c:/siliconlabs/simplicitystudio/v5/developer/toolchains/gnu_arm/10.2_2020q4/bin/../lib/gcc/arm-none-eabi/10.2.1/../../../../arm-none-eabi/lib/thumb/v7e-m+fp/softfp\libc_nano.a(lib_a-memset.o)
 .ARM.attributes
                0x00000a3a       0x32 c:/siliconlabs/simplicitystudio/v5/developer/toolchains/gnu_arm/10.2_2020q4/bin/../lib/gcc/arm-none-eabi/10.2.1/../../../../arm-none-eabi/lib/thumb/v7e-m+fp/softfp\libc_nano.a(lib_a-printf.o)
 .ARM.attributes
                0x00000a6c       0x32 c:/siliconlabs/simplicitystudio/v5/developer/toolchains/gnu_arm/10.2_2020q4/bin/../lib/gcc/arm-none-eabi/10.2.1/../../../../arm-none-eabi/lib/thumb/v7e-m+fp/softfp\libc_nano.a(lib_a-setvbuf.o)
 .ARM.attributes
                0x00000a9e       0x32 c:/siliconlabs/simplicitystudio/v5/developer/toolchains/gnu_arm/10.2_2020q4/bin/../lib/gcc/arm-none-eabi/10.2.1/../../../../arm-none-eabi/lib/thumb/v7e-m+fp/softfp\libc_nano.a(lib_a-fflush.o)
 .ARM.attributes
                0x00000ad0       0x32 c:/siliconlabs/simplicitystudio/v5/developer/toolchains/gnu_arm/10.2_2020q4/bin/../lib/gcc/arm-none-eabi/10.2.1/../../../../arm-none-eabi/lib/thumb/v7e-m+fp/softfp\libc_nano.a(lib_a-findfp.o)
 .ARM.attributes
                0x00000b02       0x32 c:/siliconlabs/simplicitystudio/v5/developer/toolchains/gnu_arm/10.2_2020q4/bin/../lib/gcc/arm-none-eabi/10.2.1/../../../../arm-none-eabi/lib/thumb/v7e-m+fp/softfp\libc_nano.a(lib_a-fwalk.o)
 .ARM.attributes
                0x00000b34       0x32 c:/siliconlabs/simplicitystudio/v5/developer/toolchains/gnu_arm/10.2_2020q4/bin/../lib/gcc/arm-none-eabi/10.2.1/../../../../arm-none-eabi/lib/thumb/v7e-m+fp/softfp\libc_nano.a(lib_a-lock.o)
 .ARM.attributes
                0x00000b66       0x32 c:/siliconlabs/simplicitystudio/v5/developer/toolchains/gnu_arm/10.2_2020q4/bin/../lib/gcc/arm-none-eabi/10.2.1/../../../../arm-none-eabi/lib/thumb/v7e-m+fp/softfp\libc_nano.a(lib_a-makebuf.o)
 .ARM.attributes
                0x00000b98       0x32 c:/siliconlabs/simplicitystudio/v5/developer/toolchains/gnu_arm/10.2_2020q4/bin/../lib/gcc/arm-none-eabi/10.2.1/../../../../arm-none-eabi/lib/thumb/v7e-m+fp/softfp\libc_nano.a(lib_a-malloc.o)
 .ARM.attributes
                0x00000bca       0x32 c:/siliconlabs/simplicitystudio/v5/developer/toolchains/gnu_arm/10.2_2020q4/bin/../lib/gcc/arm-none-eabi/10.2.1/../../../../arm-none-eabi/lib/thumb/v7e-m+fp/softfp\libc_nano.a(lib_a-nano-freer.o)
 .ARM.attributes
                0x00000bfc       0x32 c:/siliconlabs/simplicitystudio/v5/developer/toolchains/gnu_arm/10.2_2020q4/bin/../lib/gcc/arm-none-eabi/10.2.1/../../../../arm-none-eabi/lib/thumb/v7e-m+fp/softfp\libc_nano.a(lib_a-nano-mallocr.o)
 .ARM.attributes
                0x00000c2e       0x32 c:/siliconlabs/simplicitystudio/v5/developer/toolchains/gnu_arm/10.2_2020q4/bin/../lib/gcc/arm-none-eabi/10.2.1/../../../../arm-none-eabi/lib/thumb/v7e-m+fp/softfp\libc_nano.a(lib_a-nano-vfprintf.o)
 .ARM.attributes
                0x00000c60       0x32 c:/siliconlabs/simplicitystudio/v5/developer/toolchains/gnu_arm/10.2_2020q4/bin/../lib/gcc/arm-none-eabi/10.2.1/../../../../arm-none-eabi/lib/thumb/v7e-m+fp/softfp\libc_nano.a(lib_a-nano-vfprintf_i.o)
 .ARM.attributes
                0x00000c92       0x32 c:/siliconlabs/simplicitystudio/v5/developer/toolchains/gnu_arm/10.2_2020q4/bin/../lib/gcc/arm-none-eabi/10.2.1/../../../../arm-none-eabi/lib/thumb/v7e-m+fp/softfp\libc_nano.a(lib_a-sbrkr.o)
 .ARM.attributes
                0x00000cc4       0x32 c:/siliconlabs/simplicitystudio/v5/developer/toolchains/gnu_arm/10.2_2020q4/bin/../lib/gcc/arm-none-eabi/10.2.1/../../../../arm-none-eabi/lib/thumb/v7e-m+fp/softfp\libc_nano.a(lib_a-stdio.o)
 .ARM.attributes
                0x00000cf6       0x32 c:/siliconlabs/simplicitystudio/v5/developer/toolchains/gnu_arm/10.2_2020q4/bin/../lib/gcc/arm-none-eabi/10.2.1/../../../../arm-none-eabi/lib/thumb/v7e-m+fp/softfp\libc_nano.a(lib_a-wbuf.o)
 .ARM.attributes
                0x00000d28       0x32 c:/siliconlabs/simplicitystudio/v5/developer/toolchains/gnu_arm/10.2_2020q4/bin/../lib/gcc/arm-none-eabi/10.2.1/../../../../arm-none-eabi/lib/thumb/v7e-m+fp/softfp\libc_nano.a(lib_a-writer.o)
 .ARM.attributes
                0x00000d5a       0x32 c:/siliconlabs/simplicitystudio/v5/developer/toolchains/gnu_arm/10.2_2020q4/bin/../lib/gcc/arm-none-eabi/10.2.1/../../../../arm-none-eabi/lib/thumb/v7e-m+fp/softfp\libc_nano.a(lib_a-wsetup.o)
 .ARM.attributes
                0x00000d8c       0x32 c:/siliconlabs/simplicitystudio/v5/developer/toolchains/gnu_arm/10.2_2020q4/bin/../lib/gcc/arm-none-eabi/10.2.1/../../../../arm-none-eabi/lib/thumb/v7e-m+fp/softfp\libc_nano.a(lib_a-closer.o)
 .ARM.attributes
                0x00000dbe       0x32 c:/siliconlabs/simplicitystudio/v5/developer/toolchains/gnu_arm/10.2_2020q4/bin/../lib/gcc/arm-none-eabi/10.2.1/../../../../arm-none-eabi/lib/thumb/v7e-m+fp/softfp\libc_nano.a(lib_a-fstatr.o)
 .ARM.attributes
                0x00000df0       0x32 c:/siliconlabs/simplicitystudio/v5/developer/toolchains/gnu_arm/10.2_2020q4/bin/../lib/gcc/arm-none-eabi/10.2.1/../../../../arm-none-eabi/lib/thumb/v7e-m+fp/softfp\libc_nano.a(lib_a-isattyr.o)
 .ARM.attributes
                0x00000e22       0x32 c:/siliconlabs/simplicitystudio/v5/developer/toolchains/gnu_arm/10.2_2020q4/bin/../lib/gcc/arm-none-eabi/10.2.1/../../../../arm-none-eabi/lib/thumb/v7e-m+fp/softfp\libc_nano.a(lib_a-lseekr.o)
 .ARM.attributes
                0x00000e54       0x1c c:/siliconlabs/simplicitystudio/v5/developer/toolchains/gnu_arm/10.2_2020q4/bin/../lib/gcc/arm-none-eabi/10.2.1/../../../../arm-none-eabi/lib/thumb/v7e-m+fp/softfp\libc_nano.a(lib_a-memchr.o)
 .ARM.attributes
                0x00000e70       0x32 c:/siliconlabs/simplicitystudio/v5/developer/toolchains/gnu_arm/10.2_2020q4/bin/../lib/gcc/arm-none-eabi/10.2.1/../../../../arm-none-eabi/lib/thumb/v7e-m+fp/softfp\libc_nano.a(lib_a-mlock.o)
 .ARM.attributes
                0x00000ea2       0x32 c:/siliconlabs/simplicitystudio/v5/developer/toolchains/gnu_arm/10.2_2020q4/bin/../lib/gcc/arm-none-eabi/10.2.1/../../../../arm-none-eabi/lib/thumb/v7e-m+fp/softfp\libc_nano.a(lib_a-readr.o)
 .ARM.attributes
                0x00000ed4       0x32 c:/siliconlabs/simplicitystudio/v5/developer/toolchains/gnu_arm/10.2_2020q4/bin/../lib/gcc/arm-none-eabi/10.2.1/../../../../arm-none-eabi/lib/thumb/v7e-m+fp/softfp\libc_nano.a(lib_a-reent.o)
 .ARM.attributes
                0x00000f06       0x1e c:/siliconlabs/simplicitystudio/v5/developer/toolchains/gnu_arm/10.2_2020q4/bin/../lib/gcc/arm-none-eabi/10.2.1/thumb/v7e-m+fp/softfp/crtn.o

.comment        0x00000000       0x4d
 .comment       0x00000000       0x4d ./app.o
                                 0x4e (size before relaxing)
 .comment       0x0000004d       0x4e ./i2cspm.o
 .comment       0x0000004d       0x4e ./main.o
 .comment       0x0000004d       0x4e ./autogen/sl_board_default_init.o
 .comment       0x0000004d       0x4e ./autogen/sl_device_init_clocks.o
 .comment       0x0000004d       0x4e ./autogen/sl_event_handler.o
 .comment       0x0000004d       0x4e ./autogen/sl_i2cspm_init.o
 .comment       0x0000004d       0x4e ./autogen/sl_iostream_init_usart_instances.o
 .comment       0x0000004d       0x4e ./autogen/sl_simple_led_instances.o
 .comment       0x0000004d       0x4e ./gecko_sdk_3.2.2/hardware/board/src/sl_board_control_gpio.o
 .comment       0x0000004d       0x4e ./gecko_sdk_3.2.2/hardware/board/src/sl_board_init.o
 .comment       0x0000004d       0x4e ./gecko_sdk_3.2.2/hardware/driver/mx25_flash_shutdown/src/sl_mx25_flash_shutdown_usart/sl_mx25_flash_shutdown.o
 .comment       0x0000004d       0x4e ./gecko_sdk_3.2.2/platform/Device/SiliconLabs/EFR32MG12P/Source/GCC/startup_efr32mg12p.o
 .comment       0x0000004d       0x4e ./gecko_sdk_3.2.2/platform/Device/SiliconLabs/EFR32MG12P/Source/system_efr32mg12p.o
 .comment       0x0000004d       0x4e ./gecko_sdk_3.2.2/platform/common/toolchain/src/sl_memory.o
 .comment       0x0000004d       0x4e ./gecko_sdk_3.2.2/platform/driver/i2cspm/src/sl_i2cspm.o
 .comment       0x0000004d       0x4e ./gecko_sdk_3.2.2/platform/driver/leddrv/src/sl_led.o
 .comment       0x0000004d       0x4e ./gecko_sdk_3.2.2/platform/driver/leddrv/src/sl_simple_led.o
 .comment       0x0000004d       0x4e ./gecko_sdk_3.2.2/platform/emlib/src/em_assert.o
 .comment       0x0000004d       0x4e ./gecko_sdk_3.2.2/platform/emlib/src/em_cmu.o
 .comment       0x0000004d       0x4e ./gecko_sdk_3.2.2/platform/emlib/src/em_core.o
 .comment       0x0000004d       0x4e ./gecko_sdk_3.2.2/platform/emlib/src/em_emu.o
 .comment       0x0000004d       0x4e ./gecko_sdk_3.2.2/platform/emlib/src/em_gpio.o
 .comment       0x0000004d       0x4e ./gecko_sdk_3.2.2/platform/emlib/src/em_i2c.o
 .comment       0x0000004d       0x4e ./gecko_sdk_3.2.2/platform/emlib/src/em_rtcc.o
 .comment       0x0000004d       0x4e ./gecko_sdk_3.2.2/platform/emlib/src/em_usart.o
 .comment       0x0000004d       0x4e ./gecko_sdk_3.2.2/platform/service/device_init/src/sl_device_init_dcdc_s1.o
 .comment       0x0000004d       0x4e ./gecko_sdk_3.2.2/platform/service/device_init/src/sl_device_init_emu_s1.o
 .comment       0x0000004d       0x4e ./gecko_sdk_3.2.2/platform/service/device_init/src/sl_device_init_hfxo_s1.o
 .comment       0x0000004d       0x4e ./gecko_sdk_3.2.2/platform/service/device_init/src/sl_device_init_lfxo_s1.o
 .comment       0x0000004d       0x4e ./gecko_sdk_3.2.2/platform/service/device_init/src/sl_device_init_nvic.o
 .comment       0x0000004d       0x4e ./gecko_sdk_3.2.2/platform/service/iostream/src/sl_iostream.o
 .comment       0x0000004d       0x4e ./gecko_sdk_3.2.2/platform/service/iostream/src/sl_iostream_retarget_stdio.o
 .comment       0x0000004d       0x4e ./gecko_sdk_3.2.2/platform/service/iostream/src/sl_iostream_stdlib_config.o
 .comment       0x0000004d       0x4e ./gecko_sdk_3.2.2/platform/service/iostream/src/sl_iostream_uart.o
 .comment       0x0000004d       0x4e ./gecko_sdk_3.2.2/platform/service/iostream/src/sl_iostream_usart.o
 .comment       0x0000004d       0x4e ./gecko_sdk_3.2.2/platform/service/sleeptimer/src/sl_sleeptimer.o
 .comment       0x0000004d       0x4e ./gecko_sdk_3.2.2/platform/service/sleeptimer/src/sl_sleeptimer_hal_rtcc.o
 .comment       0x0000004d       0x4e ./gecko_sdk_3.2.2/platform/service/system/src/sl_system_init.o
 .comment       0x0000004d       0x4e ./gecko_sdk_3.2.2/platform/service/system/src/sl_system_process_action.o